Archive member included to satisfy reference by file (symbol)

C:/Users/Mike/Documents/UBC/CPEN391/Project/Interrupts_bsp/\libhal_bsp.a(alt_irq_register.o)
                              obj/default/hello_world.o (alt_irq_register)
C:/Users/Mike/Documents/UBC/CPEN391/Project/Interrupts_bsp/\libhal_bsp.a(alt_irq_vars.o)
                              C:/Users/Mike/Documents/UBC/CPEN391/Project/Interrupts_bsp/\libhal_bsp.a(alt_irq_register.o) (alt_irq_active)
C:/Users/Mike/Documents/UBC/CPEN391/Project/Interrupts_bsp/\libhal_bsp.a(alt_load.o)
                              C:/Users/Mike/Documents/UBC/CPEN391/Project/Interrupts_bsp//obj/HAL/src/crt0.o (alt_load)
C:/Users/Mike/Documents/UBC/CPEN391/Project/Interrupts_bsp/\libhal_bsp.a(alt_main.o)
                              C:/Users/Mike/Documents/UBC/CPEN391/Project/Interrupts_bsp//obj/HAL/src/crt0.o (alt_main)
C:/Users/Mike/Documents/UBC/CPEN391/Project/Interrupts_bsp/\libhal_bsp.a(alt_putstr.o)
                              obj/default/hello_world.o (alt_putstr)
C:/Users/Mike/Documents/UBC/CPEN391/Project/Interrupts_bsp/\libhal_bsp.a(alt_sys_init.o)
                              C:/Users/Mike/Documents/UBC/CPEN391/Project/Interrupts_bsp/\libhal_bsp.a(alt_main.o) (alt_irq_init)
C:/Users/Mike/Documents/UBC/CPEN391/Project/Interrupts_bsp/\libhal_bsp.a(altera_avalon_jtag_uart_fd.o)
                              C:/Users/Mike/Documents/UBC/CPEN391/Project/Interrupts_bsp/\libhal_bsp.a(alt_sys_init.o) (altera_avalon_jtag_uart_read_fd)
C:/Users/Mike/Documents/UBC/CPEN391/Project/Interrupts_bsp/\libhal_bsp.a(altera_avalon_jtag_uart_init.o)
                              C:/Users/Mike/Documents/UBC/CPEN391/Project/Interrupts_bsp/\libhal_bsp.a(alt_sys_init.o) (altera_avalon_jtag_uart_init)
C:/Users/Mike/Documents/UBC/CPEN391/Project/Interrupts_bsp/\libhal_bsp.a(altera_avalon_jtag_uart_ioctl.o)
                              C:/Users/Mike/Documents/UBC/CPEN391/Project/Interrupts_bsp/\libhal_bsp.a(altera_avalon_jtag_uart_fd.o) (altera_avalon_jtag_uart_ioctl)
C:/Users/Mike/Documents/UBC/CPEN391/Project/Interrupts_bsp/\libhal_bsp.a(altera_avalon_jtag_uart_read.o)
                              C:/Users/Mike/Documents/UBC/CPEN391/Project/Interrupts_bsp/\libhal_bsp.a(altera_avalon_jtag_uart_fd.o) (altera_avalon_jtag_uart_read)
C:/Users/Mike/Documents/UBC/CPEN391/Project/Interrupts_bsp/\libhal_bsp.a(altera_avalon_jtag_uart_write.o)
                              C:/Users/Mike/Documents/UBC/CPEN391/Project/Interrupts_bsp/\libhal_bsp.a(altera_avalon_jtag_uart_fd.o) (altera_avalon_jtag_uart_write)
C:/Users/Mike/Documents/UBC/CPEN391/Project/Interrupts_bsp/\libhal_bsp.a(altera_avalon_timer_sc.o)
                              C:/Users/Mike/Documents/UBC/CPEN391/Project/Interrupts_bsp/\libhal_bsp.a(alt_sys_init.o) (alt_avalon_timer_sc_init)
C:/Users/Mike/Documents/UBC/CPEN391/Project/Interrupts_bsp/\libhal_bsp.a(altera_up_avalon_character_lcd.o)
                              C:/Users/Mike/Documents/UBC/CPEN391/Project/Interrupts_bsp/\libhal_bsp.a(alt_sys_init.o) (alt_up_character_lcd_init)
C:/Users/Mike/Documents/UBC/CPEN391/Project/Interrupts_bsp/\libhal_bsp.a(alt_alarm_start.o)
                              C:/Users/Mike/Documents/UBC/CPEN391/Project/Interrupts_bsp/\libhal_bsp.a(altera_avalon_jtag_uart_init.o) (alt_alarm_start)
C:/Users/Mike/Documents/UBC/CPEN391/Project/Interrupts_bsp/\libhal_bsp.a(alt_close.o)
                              C:/Users/Mike/Documents/UBC/CPEN391/Project/Interrupts_bsp/\libhal_bsp.a(alt_main.o) (close)
C:/Users/Mike/Documents/UBC/CPEN391/Project/Interrupts_bsp/\libhal_bsp.a(alt_dcache_flush_all.o)
                              C:/Users/Mike/Documents/UBC/CPEN391/Project/Interrupts_bsp/\libhal_bsp.a(alt_load.o) (alt_dcache_flush_all)
C:/Users/Mike/Documents/UBC/CPEN391/Project/Interrupts_bsp/\libhal_bsp.a(alt_dev.o)
                              C:/Users/Mike/Documents/UBC/CPEN391/Project/Interrupts_bsp/\libhal_bsp.a(alt_sys_init.o) (alt_dev_list)
C:/Users/Mike/Documents/UBC/CPEN391/Project/Interrupts_bsp/\libhal_bsp.a(alt_dev_llist_insert.o)
                              C:/Users/Mike/Documents/UBC/CPEN391/Project/Interrupts_bsp/\libhal_bsp.a(alt_sys_init.o) (alt_dev_llist_insert)
C:/Users/Mike/Documents/UBC/CPEN391/Project/Interrupts_bsp/\libhal_bsp.a(alt_do_ctors.o)
                              C:/Users/Mike/Documents/UBC/CPEN391/Project/Interrupts_bsp/\libhal_bsp.a(alt_main.o) (_do_ctors)
C:/Users/Mike/Documents/UBC/CPEN391/Project/Interrupts_bsp/\libhal_bsp.a(alt_do_dtors.o)
                              C:/Users/Mike/Documents/UBC/CPEN391/Project/Interrupts_bsp/\libhal_bsp.a(alt_main.o) (_do_dtors)
C:/Users/Mike/Documents/UBC/CPEN391/Project/Interrupts_bsp/\libhal_bsp.a(alt_errno.o)
                              C:/Users/Mike/Documents/UBC/CPEN391/Project/Interrupts_bsp/\libhal_bsp.a(alt_close.o) (alt_errno)
C:/Users/Mike/Documents/UBC/CPEN391/Project/Interrupts_bsp/\libhal_bsp.a(alt_find_dev.o)
[...]
Memory Configuration

Name             Origin             Length             Attributes
reset            0x0000000008000000 0x0000000000000020
sdram            0x0000000008000020 0x0000000003ffffe0
*default*        0x0000000000000000 0xffffffffffffffff

Linker script and memory map

LOAD C:/Users/Mike/Documents/UBC/CPEN391/Project/Interrupts_bsp//obj/HAL/src/crt0.o
LOAD obj/default/hello_world.o
LOAD c:/altera/15.0/nios2eds/bin/gnu/h-x86_64-mingw32/bin/../lib/gcc/nios2-elf/4.9.1/../../../../../H-x86_64-mingw32/nios2-elf/lib\libstdc++.a
LOAD c:/altera/15.0/nios2eds/bin/gnu/h-x86_64-mingw32/bin/../lib/gcc/nios2-elf/4.9.1/../../../../../H-x86_64-mingw32/nios2-elf/lib\libm.a
LOAD c:/altera/15.0/nios2eds/bin/gnu/h-x86_64-mingw32/bin/../lib/gcc/nios2-elf/4.9.1\libgcc.a
START GROUP
LOAD c:/altera/15.0/nios2eds/bin/gnu/h-x86_64-mingw32/bin/../lib/gcc/nios2-elf/4.9.1/../../../../../H-x86_64-mingw32/nios2-elf/lib\libc.a
LOAD c:/altera/15.0/nios2eds/bin/gnu/h-x86_64-mingw32/bin/../lib/gcc/nios2-elf/4.9.1\libgcc.a
LOAD C:/Users/Mike/Documents/UBC/CPEN391/Project/Interrupts_bsp/\libhal_bsp.a
LOAD c:/altera/15.0/nios2eds/bin/gnu/h-x86_64-mingw32/bin/../lib/gcc/nios2-elf/4.9.1/../../../../../H-x86_64-mingw32/nios2-elf/lib\libm.a
END GROUP
LOAD c:/altera/15.0/nios2eds/bin/gnu/h-x86_64-mingw32/bin/../lib/gcc/nios2-elf/4.9.1\libgcc.a
                0x0000000008000000                __alt_mem_sdram = 0x8000000

.entry          0x0000000008000000       0x20
 *(.entry)
 .entry         0x0000000008000000       0x20 C:/Users/Mike/Documents/UBC/CPEN391/Project/Interrupts_bsp//obj/HAL/src/crt0.o
                0x0000000008000000                __reset

.exceptions     0x0000000008000020      0x19c
                0x0000000008000020                PROVIDE (__ram_exceptions_start, ABSOLUTE (.))
                0x0000000008000020                . = ALIGN (0x20)
 *(.irq)
 *(.exceptions.entry.label)
 .exceptions.entry.label
                0x0000000008000020        0x0 C:/Users/Mike/Documents/UBC/CPEN391/Project/Interrupts_bsp/\libhal_bsp.a(alt_irq_entry.o)
                0x0000000008000020                alt_irq_entry
 .exceptions.entry.label
                0x0000000008000020        0x0 C:/Users/Mike/Documents/UBC/CPEN391/Project/Interrupts_bsp/\libhal_bsp.a(alt_exception_entry.o)
                0x0000000008000020                alt_exception
 *(.exceptions.entry.user)
 *(.exceptions.entry.ecc_fatal)
 *(.exceptions.entry)
 .exceptions.entry
                0x0000000008000020       0x54 C:/Users/Mike/Documents/UBC/CPEN391/Project/Interrupts_bsp/\libhal_bsp.a(alt_exception_entry.o)
 *(.exceptions.irqtest.user)
 *(.exceptions.irqtest)
 .exceptions.irqtest
                0x0000000008000074       0x10 C:/Users/Mike/Documents/UBC/CPEN391/Project/Interrupts_bsp/\libhal_bsp.a(alt_irq_entry.o)
 *(.exceptions.irqhandler.user)
 *(.exceptions.irqhandler)
 .exceptions.irqhandler
                0x0000000008000084        0x4 C:/Users/Mike/Documents/UBC/CPEN391/Project/Interrupts_bsp/\libhal_bsp.a(alt_irq_entry.o)
 *(.exceptions.irqreturn.user)
 *(.exceptions.irqreturn)
 .exceptions.irqreturn
                0x0000000008000088        0x4 C:/Users/Mike/Documents/UBC/CPEN391/Project/Interrupts_bsp/\libhal_bsp.a(alt_irq_entry.o)
 *(.exceptions.notirq.label)
 .exceptions.notirq.label
                0x000000000800008c        0x0 C:/Users/Mike/Documents/UBC/CPEN391/Project/Interrupts_bsp/\libhal_bsp.a(alt_irq_entry.o)
 *(.exceptions.notirq.user)
 *(.exceptions.notirq)
 .exceptions.notirq
                0x000000000800008c        0x8 C:/Users/Mike/Documents/UBC/CPEN391/Project/Interrupts_bsp/\libhal_bsp.a(alt_exception_entry.o)
 *(.exceptions.soft.user)
 *(.exceptions.soft)
 *(.exceptions.unknown.user)
 *(.exceptions.unknown)
 .exceptions.unknown
                0x0000000008000094        0x4 C:/Users/Mike/Documents/UBC/CPEN391/Project/Interrupts_bsp/\libhal_bsp.a(alt_exception_entry.o)
 *(.exceptions.exit.label)
 .exceptions.exit.label
                0x0000000008000098        0x0 C:/Users/Mike/Documents/UBC/CPEN391/Project/Interrupts_bsp/\libhal_bsp.a(alt_irq_entry.o)
 .exceptions.exit.label
                0x0000000008000098        0x0 C:/Users/Mike/Documents/UBC/CPEN391/Project/Interrupts_bsp/\libhal_bsp.a(alt_exception_entry.o)
 *(.exceptions.exit.user)
 *(.exceptions.exit)
 .exceptions.exit
                0x0000000008000098       0x54 C:/Users/Mike/Documents/UBC/CPEN391/Project/Interrupts_bsp/\libhal_bsp.a(alt_exception_entry.o)
 *(.exceptions)
 .exceptions    0x00000000080000ec       0xd0 C:/Users/Mike/Documents/UBC/CPEN391/Project/Interrupts_bsp/\libhal_bsp.a(alt_irq_handler.o)
                0x00000000080000ec                alt_irq_handler
                0x00000000080001bc                PROVIDE (__ram_exceptions_end, ABSOLUTE (.))
                0x0000000008000020                PROVIDE (__flash_exceptions_start, LOADADDR (.exceptions))

.text           0x00000000080001bc     0x5a50
                0x00000000080001bc                PROVIDE (stext, ABSOLUTE (.))
 *(.interp)
 *(.hash)
 *(.dynsym)
 *(.dynstr)
 *(.gnu.version)
 *(.gnu.version_d)
 *(.gnu.version_r)
 *(.rel.init)
 *(.rela.init)
 *(.rel.text .rel.text.* .rel.gnu.linkonce.t.*)
 *(.rela.text .rela.text.* .rela.gnu.linkonce.t.*)
 *(.rel.fini)
 *(.rela.fini)
 *(.rel.rodata .rel.rodata.* .rel.gnu.linkonce.r.*)
 *(.rela.rodata .rela.rodata.* .rela.gnu.linkonce.r.*)
 *(.rel.data .rel.data.* .rel.gnu.linkonce.d.*)
 *(.rela.data .rela.data.* .rela.gnu.linkonce.d.*)
 *(.rel.tdata .rel.tdata.* .rel.gnu.linkonce.td.*)
 *(.rela.tdata .rela.tdata.* .rela.gnu.linkonce.td.*)
 *(.rel.tbss .rel.tbss.* .rel.gnu.linkonce.tb.*)
 *(.rela.tbss .rela.tbss.* .rela.gnu.linkonce.tb.*)
 *(.rel.ctors)
 *(.rela.ctors)
 *(.rel.dtors)
 *(.rela.dtors)
 *(.rel.got)
 *(.rela.got)
 *(.rel.sdata .rel.sdata.* .rel.gnu.linkonce.s.*)
 *(.rela.sdata .rela.sdata.* .rela.gnu.linkonce.s.*)
 *(.rel.sbss .rel.sbss.* .rel.gnu.linkonce.sb.*)
 *(.rela.sbss .rela.sbss.* .rela.gnu.linkonce.sb.*)
 *(.rel.sdata2 .rel.sdata2.* .rel.gnu.linkonce.s2.*)
 *(.rela.sdata2 .rela.sdata2.* .rela.gnu.linkonce.s2.*)
 *(.rel.sbss2 .rel.sbss2.* .rel.gnu.linkonce.sb2.*)
 *(.rela.sbss2 .rela.sbss2.* .rela.gnu.linkonce.sb2.*)
 *(.rel.bss .rel.bss.* .rel.gnu.linkonce.b.*)
 *(.rela.bss .rela.bss.* .rela.gnu.linkonce.b.*)
 *(.rel.plt)
 *(.rela.plt)
 *(.rel.dyn)
 *(.init)
 *(.plt)
 *(.text .stub .text.* .gnu.linkonce.t.*)
 .text          0x00000000080001bc       0x3c C:/Users/Mike/Documents/UBC/CPEN391/Project/Interrupts_bsp//obj/HAL/src/crt0.o
                0x00000000080001bc                _start
 .text          0x00000000080001f8       0x90 obj/default/hello_world.o
                0x00000000080001f8                isr_check_weather
                0x000000000800023c                main
 .text          0x0000000008000288      0x1b0 C:/Users/Mike/Documents/UBC/CPEN391/Project/Interrupts_bsp/\libhal_bsp.a(alt_irq_register.o)
                0x0000000008000288                alt_irq_register
 .text          0x0000000008000438        0x0 C:/Users/Mike/Documents/UBC/CPEN391/Project/Interrupts_bsp/\libhal_bsp.a(alt_irq_vars.o)
 .text          0x0000000008000438       0xe4 C:/Users/Mike/Documents/UBC/CPEN391/Project/Interrupts_bsp/\libhal_bsp.a(alt_load.o)
                0x000000000800049c                alt_load
 .text          0x000000000800051c       0x78 C:/Users/Mike/Documents/UBC/CPEN391/Project/Interrupts_bsp/\libhal_bsp.a(alt_main.o)
                0x000000000800051c                alt_main
 .text          0x0000000008000594       0x44 C:/Users/Mike/Documents/UBC/CPEN391/Project/Interrupts_bsp/\libhal_bsp.a(alt_putstr.o)
                0x0000000008000594                alt_putstr
 .text          0x00000000080005d8       0xdc C:/Users/Mike/Documents/UBC/CPEN391/Project/Interrupts_bsp/\libhal_bsp.a(alt_sys_init.o)
                0x0000000008000610                alt_irq_init
                0x0000000008000644                alt_sys_init
 .text          0x00000000080006b4      0x164 C:/Users/Mike/Documents/UBC/CPEN391/Project/Interrupts_bsp/\libhal_bsp.a(altera_avalon_jtag_uart_fd.o)
                0x00000000080006b4                altera_avalon_jtag_uart_read_fd
                0x0000000008000714                altera_avalon_jtag_uart_write_fd
                0x0000000008000774                altera_avalon_jtag_uart_close_fd
                0x00000000080007c4                altera_avalon_jtag_uart_ioctl_fd
 .text          0x0000000008000818      0x3d8 C:/Users/Mike/Documents/UBC/CPEN391/Project/Interrupts_bsp/\libhal_bsp.a(altera_avalon_jtag_uart_init.o)
                0x0000000008000818                altera_avalon_jtag_uart_init
                0x0000000008000b88                altera_avalon_jtag_uart_close
 .text          0x0000000008000bf0       0xec C:/Users/Mike/Documents/UBC/CPEN391/Project/Interrupts_bsp/\libhal_bsp.a(altera_avalon_jtag_uart_ioctl.o)
                0x0000000008000bf0                altera_avalon_jtag_uart_ioctl
 .text          0x0000000008000cdc      0x20c C:/Users/Mike/Documents/UBC/CPEN391/Project/Interrupts_bsp/\libhal_bsp.a(altera_avalon_jtag_uart_read.o)
                0x0000000008000cdc                altera_avalon_jtag_uart_read
 .text          0x0000000008000ee8      0x218 C:/Users/Mike/Documents/UBC/CPEN391/Project/Interrupts_bsp/\libhal_bsp.a(altera_avalon_jtag_uart_write.o)
                0x0000000008000ee8                altera_avalon_jtag_uart_write
 .text          0x0000000008001100       0xfc C:/Users/Mike/Documents/UBC/CPEN391/Project/Interrupts_bsp/\libhal_bsp.a(altera_avalon_timer_sc.o)
                0x0000000008001174                alt_avalon_timer_sc_init
 .text          0x00000000080011fc      0x4d8 C:/Users/Mike/Documents/UBC/CPEN391/Project/Interrupts_bsp/\libhal_bsp.a(altera_up_avalon_character_lcd.o)
                0x00000000080011fc                get_DDRAM_addr
                0x0000000008001270                alt_up_character_lcd_send_cmd
                0x00000000080012ac                alt_up_character_lcd_init
                0x00000000080012e0                alt_up_character_lcd_open_dev
                0x0000000008001320                alt_up_character_lcd_write
                0x0000000008001398                alt_up_character_lcd_string
                0x000000000800140c                alt_up_character_lcd_write_fd
                0x000000000800145c                alt_up_character_lcd_set_cursor_pos
                0x00000000080014d0                alt_up_character_lcd_shift_cursor
                0x0000000008001558                alt_up_character_lcd_shift_display
                0x00000000080015e0                alt_up_character_lcd_erase_pos
                0x000000000800166c                alt_up_character_lcd_cursor_off
                0x00000000080016a0                alt_up_character_lcd_cursor_blink_on
 .text          0x00000000080016d4      0x140 C:/Users/Mike/Documents/UBC/CPEN391/Project/Interrupts_bsp/\libhal_bsp.a(alt_alarm_start.o)
                0x00000000080016d4                alt_alarm_start
 .text          0x0000000008001814      0x120 C:/Users/Mike/Documents/UBC/CPEN391/Project/Interrupts_bsp/\libhal_bsp.a(alt_close.o)
                0x0000000008001864                close
 .text          0x0000000008001934       0x1c C:/Users/Mike/Documents/UBC/CPEN391/Project/Interrupts_bsp/\libhal_bsp.a(alt_dcache_flush_all.o)
                0x0000000008001934                alt_dcache_flush_all
 .text          0x0000000008001950       0x2c C:/Users/Mike/Documents/UBC/CPEN391/Project/Interrupts_bsp/\libhal_bsp.a(alt_dev.o)
 .text          0x000000000800197c       0xf4 C:/Users/Mike/Documents/UBC/CPEN391/Project/Interrupts_bsp/\libhal_bsp.a(alt_dev_llist_insert.o)
                0x00000000080019cc                alt_dev_llist_insert
 .text          0x0000000008001a70       0x5c C:/Users/Mike/Documents/UBC/CPEN391/Project/Interrupts_bsp/\libhal_bsp.a(alt_do_ctors.o)
                0x0000000008001a70                _do_ctors
 .text          0x0000000008001acc       0x5c C:/Users/Mike/Documents/UBC/CPEN391/Project/Interrupts_bsp/\libhal_bsp.a(alt_do_dtors.o)
                0x0000000008001acc                _do_dtors
 .text          0x0000000008001b28        0x0 C:/Users/Mike/Documents/UBC/CPEN391/Project/Interrupts_bsp/\libhal_bsp.a(alt_errno.o)
 .text          0x0000000008001b28       0x90 C:/Users/Mike/Documents/UBC/CPEN391/Project/Interrupts_bsp/\libhal_bsp.a(alt_find_dev.o)
                0x0000000008001b28                alt_find_dev
 .text          0x0000000008001bb8       0x30 C:/Users/Mike/Documents/UBC/CPEN391/Project/Interrupts_bsp/\libhal_bsp.a(alt_icache_flush_all.o)
                0x0000000008001bb8                alt_icache_flush_all
 .text          0x0000000008001be8      0x1e0 C:/Users/Mike/Documents/UBC/CPEN391/Project/Interrupts_bsp/\libhal_bsp.a(alt_iic.o)
                0x0000000008001be8                alt_ic_isr_register
                0x0000000008001c38                alt_ic_irq_enable
                0x0000000008001cd8                alt_ic_irq_disable
                0x0000000008001d7c                alt_ic_irq_enabled
 .text          0x0000000008001dc8       0xf0 C:/Users/Mike/Documents/UBC/CPEN391/Project/Interrupts_bsp/\libhal_bsp.a(alt_iic_isr_register.o)
                0x0000000008001dc8                alt_iic_isr_register
 .text          0x0000000008001eb8      0x138 C:/Users/Mike/Documents/UBC/CPEN391/Project/Interrupts_bsp/\libhal_bsp.a(alt_io_redirect.o)
                0x0000000008001f78                alt_io_redirect
 .text          0x0000000008001ff0        0x0 C:/Users/Mike/Documents/UBC/CPEN391/Project/Interrupts_bsp/\libhal_bsp.a(alt_irq_entry.o)
 .text          0x0000000008001ff0        0x0 C:/Users/Mike/Documents/UBC/CPEN391/Project/Interrupts_bsp/\libhal_bsp.a(alt_irq_handler.o)
 .text          0x0000000008001ff0      0x274 C:/Users/Mike/Documents/UBC/CPEN391/Project/Interrupts_bsp/\libhal_bsp.a(alt_open.o)
                0x000000000800210c                open
 .text          0x0000000008002264       0x60 C:/Users/Mike/Documents/UBC/CPEN391/Project/Interrupts_bsp/\libhal_bsp.a(alt_release_fd.o)
                0x0000000008002264                alt_release_fd
 .text          0x00000000080022c4      0x19c C:/Users/Mike/Documents/UBC/CPEN391/Project/Interrupts_bsp/\libhal_bsp.a(alt_tick.o)
                0x00000000080022c4                alt_alarm_stop
                0x000000000800235c                alt_tick
 .text          0x0000000008002460       0x20 C:/Users/Mike/Documents/UBC/CPEN391/Project/Interrupts_bsp/\libhal_bsp.a(altera_nios2_qsys_irq.o)
                0x0000000008002460                altera_nios2_qsys_irq_init
 .text          0x0000000008002480        0x0 C:/Users/Mike/Documents/UBC/CPEN391/Project/Interrupts_bsp/\libhal_bsp.a(alt_exception_entry.o)
 .text          0x0000000008002480      0x114 C:/Users/Mike/Documents/UBC/CPEN391/Project/Interrupts_bsp/\libhal_bsp.a(alt_find_file.o)
                0x0000000008002480                alt_find_file
 .text          0x0000000008002594       0xb4 C:/Users/Mike/Documents/UBC/CPEN391/Project/Interrupts_bsp/\libhal_bsp.a(alt_get_fd.o)
                0x0000000008002594                alt_get_fd
 .text          0x0000000008002648       0x8c C:/Users/Mike/Documents/UBC/CPEN391/Project/Interrupts_bsp/\libhal_bsp.a(alt_icache_flush.o)
                0x0000000008002648                alt_icache_flush
 .text          0x00000000080026d4       0x14 c:/altera/15.0/nios2eds/bin/gnu/h-x86_64-mingw32/bin/../lib/gcc/nios2-elf/4.9.1/../../../../../H-x86_64-mingw32/nios2-elf/lib\libc.a(lib_a-atexit.o)
                0x00000000080026d4                atexit
 .text          0x00000000080026e8       0x38 c:/altera/15.0/nios2eds/bin/gnu/h-x86_64-mingw32/bin/../lib/gcc/nios2-elf/4.9.1/../../../../../H-x86_64-mingw32/nios2-elf/lib\libc.a(lib_a-exit.o)
                0x00000000080026e8                exit
 .text          0x0000000008002720       0xb8 c:/altera/15.0/nios2eds/bin/gnu/h-x86_64-mingw32/bin/../lib/gcc/nios2-elf/4.9.1/../../../../../H-x86_64-mingw32/nios2-elf/lib\libc.a(lib_a-fputs.o)
                0x0000000008002720                _fputs_r
                0x00000000080027bc                fputs
 .text          0x00000000080027d8      0x4a4 c:/altera/15.0/nios2eds/bin/gnu/h-x86_64-mingw32/bin/../lib/gcc/nios2-elf/4.9.1/../../../../../H-x86_64-mingw32/nios2-elf/lib\libc.a(lib_a-fvwrite.o)
                0x00000000080027d8                __sfvwrite_r
 .text          0x0000000008002c7c        0x0 c:/altera/15.0/nios2eds/bin/gnu/h-x86_64-mingw32/bin/../lib/gcc/nios2-elf/4.9.1/../../../../../H-x86_64-mingw32/nios2-elf/lib\libc.a(lib_a-impure.o)
 .text          0x0000000008002c7c        0x0 c:/altera/15.0/nios2eds/bin/gnu/h-x86_64-mingw32/bin/../lib/gcc/nios2-elf/4.9.1/../../../../../H-x86_64-mingw32/nios2-elf/lib\libc.a(lib_a-int_errno.o)
 .text          0x0000000008002c7c      0x7a8 c:/altera/15.0/nios2eds/bin/gnu/h-x86_64-mingw32/bin/../lib/gcc/nios2-elf/4.9.1/../../../../../H-x86_64-mingw32/nios2-elf/lib\libc.a(lib_a-mallocr.o)
                0x0000000008002c7c                _malloc_r
 .text          0x0000000008003424       0xe8 c:/altera/15.0/nios2eds/bin/gnu/h-x86_64-mingw32/bin/../lib/gcc/nios2-elf/4.9.1/../../../../../H-x86_64-mingw32/nios2-elf/lib\libc.a(lib_a-memchr.o)
                0x0000000008003424                memchr
 .text          0x000000000800350c       0x7c c:/altera/15.0/nios2eds/bin/gnu/h-x86_64-mingw32/bin/../lib/gcc/nios2-elf/4.9.1/../../../../../H-x86_64-mingw32/nios2-elf/lib\libc.a(lib_a-memcmp.o)
                0x000000000800350c                memcmp
 .text          0x0000000008003588      0x138 c:/altera/15.0/nios2eds/bin/gnu/h-x86_64-mingw32/bin/../lib/gcc/nios2-elf/4.9.1/../../../../../H-x86_64-mingw32/nios2-elf/lib\libc.a(lib_a-memcpy.o)
                0x0000000008003588                memcpy
 .text          0x00000000080036c0      0x15c c:/altera/15.0/nios2eds/bin/gnu/h-x86_64-mingw32/bin/../lib/gcc/nios2-elf/4.9.1/../../../../../H-x86_64-mingw32/nios2-elf/lib\libc.a(lib_a-memmove.o)
                0x00000000080036c0                memmove
 .text          0x000000000800381c      0x5a0 c:/altera/15.0/nios2eds/bin/gnu/h-x86_64-mingw32/bin/../lib/gcc/nios2-elf/4.9.1/../../../../../H-x86_64-mingw32/nios2-elf/lib\libc.a(lib_a-reallocr.o)
                0x000000000800381c                _realloc_r
 .text          0x0000000008003dbc       0x54 c:/altera/15.0/nios2eds/bin/gnu/h-x86_64-mingw32/bin/../lib/gcc/nios2-elf/4.9.1/../../../../../H-x86_64-mingw32/nios2-elf/lib\libc.a(lib_a-sbrkr.o)
                0x0000000008003dbc                _sbrk_r
 .text          0x0000000008003e10       0x98 c:/altera/15.0/nios2eds/bin/gnu/h-x86_64-mingw32/bin/../lib/gcc/nios2-elf/4.9.1/../../../../../H-x86_64-mingw32/nios2-elf/lib\libc.a(lib_a-strlen.o)
                0x0000000008003e10                strlen
 .text          0x0000000008003ea8      0x130 c:/altera/15.0/nios2eds/bin/gnu/h-x86_64-mingw32/bin/../lib/gcc/nios2-elf/4.9.1/../../../../../H-x86_64-mingw32/nios2-elf/lib\libc.a(lib_a-wsetup.o)
                0x0000000008003ea8                __swsetup_r
 .text          0x0000000008003fd8      0x114 c:/altera/15.0/nios2eds/bin/gnu/h-x86_64-mingw32/bin/../lib/gcc/nios2-elf/4.9.1/../../../../../H-x86_64-mingw32/nios2-elf/lib\libc.a(lib_a-__atexit.o)
                0x0000000008003fd8                __register_exitproc
 .text          0x00000000080040ec      0x194 c:/altera/15.0/nios2eds/bin/gnu/h-x86_64-mingw32/bin/../lib/gcc/nios2-elf/4.9.1/../../../../../H-x86_64-mingw32/nios2-elf/lib\libc.a(lib_a-__call_atexit.o)
                0x00000000080040ec                __call_exitprocs
 .text          0x0000000008004280      0x258 c:/altera/15.0/nios2eds/bin/gnu/h-x86_64-mingw32/bin/../lib/gcc/nios2-elf/4.9.1/../../../../../H-x86_64-mingw32/nios2-elf/lib\libc.a(lib_a-fflush.o)
                0x0000000008004280                _fflush_r
                0x00000000080044a8                fflush
 .text          0x00000000080044d8      0x3a0 c:/altera/15.0/nios2eds/bin/gnu/h-x86_64-mingw32/bin/../lib/gcc/nios2-elf/4.9.1/../../../../../H-x86_64-mingw32/nios2-elf/lib\libc.a(lib_a-findfp.o)
                0x00000000080044e8                _cleanup_r
                0x0000000008004694                __sfmoreglue
                0x00000000080046f8                __sfp
                0x0000000008004810                _cleanup
                0x0000000008004828                __sinit
                0x0000000008004838                __sfp_lock_acquire
                0x000000000800483c                __sfp_lock_release
                0x0000000008004840                __sinit_lock_acquire
                0x0000000008004844                __sinit_lock_release
                0x0000000008004848                __fp_lock_all
                0x0000000008004860                __fp_unlock_all
 .text          0x0000000008004878      0x414 c:/altera/15.0/nios2eds/bin/gnu/h-x86_64-mingw32/bin/../lib/gcc/nios2-elf/4.9.1/../../../../../H-x86_64-mingw32/nios2-elf/lib\libc.a(lib_a-freer.o)
                0x0000000008004878                _malloc_trim_r
                0x000000000800499c                _free_r
 .text          0x0000000008004c8c      0x170 c:/altera/15.0/nios2eds/bin/gnu/h-x86_64-mingw32/bin/../lib/gcc/nios2-elf/4.9.1/../../../../../H-x86_64-mingw32/nios2-elf/lib\libc.a(lib_a-fwalk.o)
                0x0000000008004c8c                _fwalk
                0x0000000008004d44                _fwalk_reent
 .text          0x0000000008004dfc      0x1b8 c:/altera/15.0/nios2eds/bin/gnu/h-x86_64-mingw32/bin/../lib/gcc/nios2-elf/4.9.1/../../../../../H-x86_64-mingw32/nios2-elf/lib\libc.a(lib_a-makebuf.o)
                0x0000000008004dfc                __smakebuf_r
 .text          0x0000000008004fb4      0x124 c:/altera/15.0/nios2eds/bin/gnu/h-x86_64-mingw32/bin/../lib/gcc/nios2-elf/4.9.1/../../../../../H-x86_64-mingw32/nios2-elf/lib\libc.a(lib_a-memset.o)
                0x0000000008004fb4                memset
 .text          0x00000000080050d8      0x13c c:/altera/15.0/nios2eds/bin/gnu/h-x86_64-mingw32/bin/../lib/gcc/nios2-elf/4.9.1/../../../../../H-x86_64-mingw32/nios2-elf/lib\libc.a(lib_a-stdio.o)
                0x00000000080050d8                __sread
                0x000000000800512c                __seofread
                0x0000000008005134                __swrite
                0x00000000080051b0                __sseek
                0x000000000800520c                __sclose
 .text          0x0000000008005214       0x5c c:/altera/15.0/nios2eds/bin/gnu/h-x86_64-mingw32/bin/../lib/gcc/nios2-elf/4.9.1/../../../../../H-x86_64-mingw32/nios2-elf/lib\libc.a(lib_a-writer.o)
                0x0000000008005214                _write_r
 .text          0x0000000008005270       0x54 c:/altera/15.0/nios2eds/bin/gnu/h-x86_64-mingw32/bin/../lib/gcc/nios2-elf/4.9.1/../../../../../H-x86_64-mingw32/nios2-elf/lib\libc.a(closer.o)
                0x0000000008005270                _close_r
 .text          0x00000000080052c4      0x114 c:/altera/15.0/nios2eds/bin/gnu/h-x86_64-mingw32/bin/../lib/gcc/nios2-elf/4.9.1/../../../../../H-x86_64-mingw32/nios2-elf/lib\libc.a(lib_a-fclose.o)
                0x00000000080052c4                _fclose_r
                0x00000000080053c4                fclose
 .text          0x00000000080053d8       0x58 c:/altera/15.0/nios2eds/bin/gnu/h-x86_64-mingw32/bin/../lib/gcc/nios2-elf/4.9.1/../../../../../H-x86_64-mingw32/nios2-elf/lib\libc.a(lib_a-fstatr.o)
                0x00000000080053d8                _fstat_r
 .text          0x0000000008005430       0x54 c:/altera/15.0/nios2eds/bin/gnu/h-x86_64-mingw32/bin/../lib/gcc/nios2-elf/4.9.1/../../../../../H-x86_64-mingw32/nios2-elf/lib\libc.a(lib_a-isattyr.o)
                0x0000000008005430                _isatty_r
 .text          0x0000000008005484       0x5c c:/altera/15.0/nios2eds/bin/gnu/h-x86_64-mingw32/bin/../lib/gcc/nios2-elf/4.9.1/../../../../../H-x86_64-mingw32/nios2-elf/lib\libc.a(lib_a-lseekr.o)
                0x0000000008005484                _lseek_r
 .text          0x00000000080054e0       0x5c c:/altera/15.0/nios2eds/bin/gnu/h-x86_64-mingw32/bin/../lib/gcc/nios2-elf/4.9.1/../../../../../H-x86_64-mingw32/nios2-elf/lib\libc.a(lib_a-readr.o)
                0x00000000080054e0                _read_r
 .text          0x000000000800553c       0x34 C:/Users/Mike/Documents/UBC/CPEN391/Project/Interrupts_bsp/\libhal_bsp.a(alt_exit.o)
                0x000000000800553c                _exit
 .text          0x0000000008005570      0x100 C:/Users/Mike/Documents/UBC/CPEN391/Project/Interrupts_bsp/\libhal_bsp.a(alt_fstat.o)
                0x00000000080055c0                fstat
 .text          0x0000000008005670       0xf4 C:/Users/Mike/Documents/UBC/CPEN391/Project/Interrupts_bsp/\libhal_bsp.a(alt_isatty.o)
                0x00000000080056c0                isatty
 .text          0x0000000008005764      0x124 C:/Users/Mike/Documents/UBC/CPEN391/Project/Interrupts_bsp/\libhal_bsp.a(alt_lseek.o)
                0x00000000080057b4                lseek
 .text          0x0000000008005888       0x40 C:/Users/Mike/Documents/UBC/CPEN391/Project/Interrupts_bsp/\libhal_bsp.a(alt_malloc_lock.o)
                0x0000000008005888                __malloc_lock
                0x00000000080058a8                __malloc_unlock
 .text          0x00000000080058c8      0x14c C:/Users/Mike/Documents/UBC/CPEN391/Project/Interrupts_bsp/\libhal_bsp.a(alt_read.o)
                0x0000000008005918                read
 .text          0x0000000008005a14       0xb0 C:/Users/Mike/Documents/UBC/CPEN391/Project/Interrupts_bsp/\libhal_bsp.a(alt_sbrk.o)
                0x0000000008005a14                sbrk
 .text          0x0000000008005ac4      0x148 C:/Users/Mike/Documents/UBC/CPEN391/Project/Interrupts_bsp/\libhal_bsp.a(alt_write.o)
                0x0000000008005b14                write
 *(.gnu.warning.*)
 *(.fini)
                0x0000000008005c0c                PROVIDE (__etext, ABSOLUTE (.))
                0x0000000008005c0c                PROVIDE (_etext, ABSOLUTE (.))
                0x0000000008005c0c                PROVIDE (etext, ABSOLUTE (.))
 *(.eh_frame_hdr)
                0x0000000008005c0c                . = ALIGN (0x4)
                0x0000000008005c0c                PROVIDE (__preinit_array_start, ABSOLUTE (.))
 *(.preinit_array)
                0x0000000008005c0c                PROVIDE (__preinit_array_end, ABSOLUTE (.))
                0x0000000008005c0c                PROVIDE (__init_array_start, ABSOLUTE (.))
 *(.init_array)
                0x0000000008005c0c                PROVIDE (__init_array_end, ABSOLUTE (.))
                0x0000000008005c0c                PROVIDE (__fini_array_start, ABSOLUTE (.))
 *(.fini_array)
                0x0000000008005c0c                PROVIDE (__fini_array_end, ABSOLUTE (.))
 *(.eh_frame)
 *(.gcc_except_table .gcc_except_table.*)
 *(.dynamic)
                0x0000000008005c0c                PROVIDE (__CTOR_LIST__, ABSOLUTE (.))
 *(.ctors)
 *(SORT(.ctors.*))
                0x0000000008005c0c                PROVIDE (__CTOR_END__, ABSOLUTE (.))
                0x0000000008005c0c                PROVIDE (__DTOR_LIST__, ABSOLUTE (.))
 *(.dtors)
 *(SORT(.dtors.*))
                0x0000000008005c0c                PROVIDE (__DTOR_END__, ABSOLUTE (.))
 *(.jcr)
                0x0000000008005c0c                . = ALIGN (0x4)

.rodata         0x0000000008005c0c       0x74
                0x0000000008005c0c                PROVIDE (__ram_rodata_start, ABSOLUTE (.))
                0x0000000008005c0c                . = ALIGN (0x4)
 *(.rodata .rodata.* .gnu.linkonce.r.*)
 .rodata        0x0000000008005c0c       0x24 obj/default/hello_world.o
 .rodata        0x0000000008005c30       0x14 C:/Users/Mike/Documents/UBC/CPEN391/Project/Interrupts_bsp/\libhal_bsp.a(alt_main.o)
 .rodata        0x0000000008005c44       0x2c C:/Users/Mike/Documents/UBC/CPEN391/Project/Interrupts_bsp/\libhal_bsp.a(alt_sys_init.o)
 .rodata        0x0000000008005c70        0xc C:/Users/Mike/Documents/UBC/CPEN391/Project/Interrupts_bsp/\libhal_bsp.a(alt_dev.o)
 .rodata.str1.4
                0x0000000008005c7c        0x4 c:/altera/15.0/nios2eds/bin/gnu/h-x86_64-mingw32/bin/../lib/gcc/nios2-elf/4.9.1/../../../../../H-x86_64-mingw32/nios2-elf/lib\libc.a(lib_a-impure.o)
 *(.rodata1)
                0x0000000008005c80                . = ALIGN (0x4)
                0x0000000008005c80                PROVIDE (__ram_rodata_end, ABSOLUTE (.))
                0x0000000008005c0c                PROVIDE (__flash_rodata_start, LOADADDR (.rodata))

.rwdata         0x0000000008005c80     0x1a98 load address 0x0000000008007718
                0x0000000008005c80                PROVIDE (__ram_rwdata_start, ABSOLUTE (.))
                0x0000000008005c80                . = ALIGN (0x4)
 *(.got.plt)
 *(.got)
 *(.data1)
 *(.data .data.* .gnu.linkonce.d.*)
 .data          0x0000000008005c80        0x0 C:/Users/Mike/Documents/UBC/CPEN391/Project/Interrupts_bsp//obj/HAL/src/crt0.o
 .data          0x0000000008005c80        0x0 obj/default/hello_world.o
 .data          0x0000000008005c80        0x0 C:/Users/Mike/Documents/UBC/CPEN391/Project/Interrupts_bsp/\libhal_bsp.a(alt_irq_register.o)
 .data          0x0000000008005c80        0x0 C:/Users/Mike/Documents/UBC/CPEN391/Project/Interrupts_bsp/\libhal_bsp.a(alt_irq_vars.o)
 .data          0x0000000008005c80        0x0 C:/Users/Mike/Documents/UBC/CPEN391/Project/Interrupts_bsp/\libhal_bsp.a(alt_load.o)
 .data          0x0000000008005c80        0x0 C:/Users/Mike/Documents/UBC/CPEN391/Project/Interrupts_bsp/\libhal_bsp.a(alt_main.o)
 .data          0x0000000008005c80        0x0 C:/Users/Mike/Documents/UBC/CPEN391/Project/Interrupts_bsp/\libhal_bsp.a(alt_putstr.o)
 .data          0x0000000008005c80     0x108c C:/Users/Mike/Documents/UBC/CPEN391/Project/Interrupts_bsp/\libhal_bsp.a(alt_sys_init.o)
 .data          0x0000000008006d0c        0x0 C:/Users/Mike/Documents/UBC/CPEN391/Project/Interrupts_bsp/\libhal_bsp.a(altera_avalon_jtag_uart_fd.o)
 .data          0x0000000008006d0c        0x0 C:/Users/Mike/Documents/UBC/CPEN391/Project/Interrupts_bsp/\libhal_bsp.a(altera_avalon_jtag_uart_init.o)
 .data          0x0000000008006d0c        0x0 C:/Users/Mike/Documents/UBC/CPEN391/Project/Interrupts_bsp/\libhal_bsp.a(altera_avalon_jtag_uart_ioctl.o)
 .data          0x0000000008006d0c        0x0 C:/Users/Mike/Documents/UBC/CPEN391/Project/Interrupts_bsp/\libhal_bsp.a(altera_avalon_jtag_uart_read.o)
 .data          0x0000000008006d0c        0x0 C:/Users/Mike/Documents/UBC/CPEN391/Project/Interrupts_bsp/\libhal_bsp.a(altera_avalon_jtag_uart_write.o)
 .data          0x0000000008006d0c        0x0 C:/Users/Mike/Documents/UBC/CPEN391/Project/Interrupts_bsp/\libhal_bsp.a(altera_avalon_timer_sc.o)
 .data          0x0000000008006d0c        0x0 C:/Users/Mike/Documents/UBC/CPEN391/Project/Interrupts_bsp/\libhal_bsp.a(altera_up_avalon_character_lcd.o)
 .data          0x0000000008006d0c        0x0 C:/Users/Mike/Documents/UBC/CPEN391/Project/Interrupts_bsp/\libhal_bsp.a(alt_alarm_start.o)
 .data          0x0000000008006d0c        0x0 C:/Users/Mike/Documents/UBC/CPEN391/Project/Interrupts_bsp/\libhal_bsp.a(alt_close.o)
 .data          0x0000000008006d0c        0x0 C:/Users/Mike/Documents/UBC/CPEN391/Project/Interrupts_bsp/\libhal_bsp.a(alt_dcache_flush_all.o)
 .data          0x0000000008006d0c      0x1a8 C:/Users/Mike/Documents/UBC/CPEN391/Project/Interrupts_bsp/\libhal_bsp.a(alt_dev.o)
                0x0000000008006d0c                alt_dev_null
                0x0000000008006d34                alt_fd_list
 .data          0x0000000008006eb4        0x0 C:/Users/Mike/Documents/UBC/CPEN391/Project/Interrupts_bsp/\libhal_bsp.a(alt_dev_llist_insert.o)
 .data          0x0000000008006eb4        0x0 C:/Users/Mike/Documents/UBC/CPEN391/Project/Interrupts_bsp/\libhal_bsp.a(alt_do_ctors.o)
 .data          0x0000000008006eb4        0x0 C:/Users/Mike/Documents/UBC/CPEN391/Project/Interrupts_bsp/\libhal_bsp.a(alt_do_dtors.o)
 .data          0x0000000008006eb4        0x0 C:/Users/Mike/Documents/UBC/CPEN391/Project/Interrupts_bsp/\libhal_bsp.a(alt_errno.o)
 .data          0x0000000008006eb4        0x0 C:/Users/Mike/Documents/UBC/CPEN391/Project/Interrupts_bsp/\libhal_bsp.a(alt_find_dev.o)
 .data          0x0000000008006eb4        0x0 C:/Users/Mike/Documents/UBC/CPEN391/Project/Interrupts_bsp/\libhal_bsp.a(alt_icache_flush_all.o)
 .data          0x0000000008006eb4        0x0 C:/Users/Mike/Documents/UBC/CPEN391/Project/Interrupts_bsp/\libhal_bsp.a(alt_iic.o)
 .data          0x0000000008006eb4        0x0 C:/Users/Mike/Documents/UBC/CPEN391/Project/Interrupts_bsp/\libhal_bsp.a(alt_iic_isr_register.o)
 .data          0x0000000008006eb4        0x0 C:/Users/Mike/Documents/UBC/CPEN391/Project/Interrupts_bsp/\libhal_bsp.a(alt_io_redirect.o)
 .data          0x0000000008006eb4        0x0 C:/Users/Mike/Documents/UBC/CPEN391/Project/Interrupts_bsp/\libhal_bsp.a(alt_irq_entry.o)
 .data          0x0000000008006eb4        0x0 C:/Users/Mike/Documents/UBC/CPEN391/Project/Interrupts_bsp/\libhal_bsp.a(alt_irq_handler.o)
 .data          0x0000000008006eb4        0x0 C:/Users/Mike/Documents/UBC/CPEN391/Project/Interrupts_bsp/\libhal_bsp.a(alt_open.o)
 .data          0x0000000008006eb4        0x0 C:/Users/Mike/Documents/UBC/CPEN391/Project/Interrupts_bsp/\libhal_bsp.a(alt_release_fd.o)
 .data          0x0000000008006eb4        0x0 C:/Users/Mike/Documents/UBC/CPEN391/Project/Interrupts_bsp/\libhal_bsp.a(alt_tick.o)
 .data          0x0000000008006eb4        0x0 C:/Users/Mike/Documents/UBC/CPEN391/Project/Interrupts_bsp/\libhal_bsp.a(altera_nios2_qsys_irq.o)
 .data          0x0000000008006eb4        0x0 C:/Users/Mike/Documents/UBC/CPEN391/Project/Interrupts_bsp/\libhal_bsp.a(alt_exception_entry.o)
 .data          0x0000000008006eb4        0x0 C:/Users/Mike/Documents/UBC/CPEN391/Project/Interrupts_bsp/\libhal_bsp.a(alt_find_file.o)
 .data          0x0000000008006eb4        0x0 C:/Users/Mike/Documents/UBC/CPEN391/Project/Interrupts_bsp/\libhal_bsp.a(alt_get_fd.o)
 .data          0x0000000008006eb4        0x0 C:/Users/Mike/Documents/UBC/CPEN391/Project/Interrupts_bsp/\libhal_bsp.a(alt_icache_flush.o)
 .data          0x0000000008006eb4        0x0 c:/altera/15.0/nios2eds/bin/gnu/h-x86_64-mingw32/bin/../lib/gcc/nios2-elf/4.9.1/../../../../../H-x86_64-mingw32/nios2-elf/lib\libc.a(lib_a-atexit.o)
 .data          0x0000000008006eb4        0x0 c:/altera/15.0/nios2eds/bin/gnu/h-x86_64-mingw32/bin/../lib/gcc/nios2-elf/4.9.1/../../../../../H-x86_64-mingw32/nios2-elf/lib\libc.a(lib_a-exit.o)
 .data          0x0000000008006eb4        0x0 c:/altera/15.0/nios2eds/bin/gnu/h-x86_64-mingw32/bin/../lib/gcc/nios2-elf/4.9.1/../../../../../H-x86_64-mingw32/nios2-elf/lib\libc.a(lib_a-fputs.o)
 .data          0x0000000008006eb4        0x0 c:/altera/15.0/nios2eds/bin/gnu/h-x86_64-mingw32/bin/../lib/gcc/nios2-elf/4.9.1/../../../../../H-x86_64-mingw32/nios2-elf/lib\libc.a(lib_a-fvwrite.o)
 .data          0x0000000008006eb4      0x424 c:/altera/15.0/nios2eds/bin/gnu/h-x86_64-mingw32/bin/../lib/gcc/nios2-elf/4.9.1/../../../../../H-x86_64-mingw32/nios2-elf/lib\libc.a(lib_a-impure.o)
 .data          0x00000000080072d8        0x0 c:/altera/15.0/nios2eds/bin/gnu/h-x86_64-mingw32/bin/../lib/gcc/nios2-elf/4.9.1/../../../../../H-x86_64-mingw32/nios2-elf/lib\libc.a(lib_a-int_errno.o)
 .data          0x00000000080072d8      0x408 c:/altera/15.0/nios2eds/bin/gnu/h-x86_64-mingw32/bin/../lib/gcc/nios2-elf/4.9.1/../../../../../H-x86_64-mingw32/nios2-elf/lib\libc.a(lib_a-mallocr.o)
                0x00000000080072d8                __malloc_av_
 .data          0x00000000080076e0        0x0 c:/altera/15.0/nios2eds/bin/gnu/h-x86_64-mingw32/bin/../lib/gcc/nios2-elf/4.9.1/../../../../../H-x86_64-mingw32/nios2-elf/lib\libc.a(lib_a-memchr.o)
 .data          0x00000000080076e0        0x0 c:/altera/15.0/nios2eds/bin/gnu/h-x86_64-mingw32/bin/../lib/gcc/nios2-elf/4.9.1/../../../../../H-x86_64-mingw32/nios2-elf/lib\libc.a(lib_a-memcmp.o)
 .data          0x00000000080076e0        0x0 c:/altera/15.0/nios2eds/bin/gnu/h-x86_64-mingw32/bin/../lib/gcc/nios2-elf/4.9.1/../../../../../H-x86_64-mingw32/nios2-elf/lib\libc.a(lib_a-memcpy.o)
 .data          0x00000000080076e0        0x0 c:/altera/15.0/nios2eds/bin/gnu/h-x86_64-mingw32/bin/../lib/gcc/nios2-elf/4.9.1/../../../../../H-x86_64-mingw32/nios2-elf/lib\libc.a(lib_a-memmove.o)
 .data          0x00000000080076e0        0x0 c:/altera/15.0/nios2eds/bin/gnu/h-x86_64-mingw32/bin/../lib/gcc/nios2-elf/4.9.1/../../../../../H-x86_64-mingw32/nios2-elf/lib\libc.a(lib_a-reallocr.o)
 .data          0x00000000080076e0        0x0 c:/altera/15.0/nios2eds/bin/gnu/h-x86_64-mingw32/bin/../lib/gcc/nios2-elf/4.9.1/../../../../../H-x86_64-mingw32/nios2-elf/lib\libc.a(lib_a-sbrkr.o)
 .data          0x00000000080076e0        0x0 c:/altera/15.0/nios2eds/bin/gnu/h-x86_64-mingw32/bin/../lib/gcc/nios2-elf/4.9.1/../../../../../H-x86_64-mingw32/nios2-elf/lib\libc.a(lib_a-strlen.o)
 .data          0x00000000080076e0        0x0 c:/altera/15.0/nios2eds/bin/gnu/h-x86_64-mingw32/bin/../lib/gcc/nios2-elf/4.9.1/../../../../../H-x86_64-mingw32/nios2-elf/lib\libc.a(lib_a-wsetup.o)
 .data          0x00000000080076e0        0x0 c:/altera/15.0/nios2eds/bin/gnu/h-x86_64-mingw32/bin/../lib/gcc/nios2-elf/4.9.1/../../../../../H-x86_64-mingw32/nios2-elf/lib\libc.a(lib_a-__atexit.o)
 .data          0x00000000080076e0        0x0 c:/altera/15.0/nios2eds/bin/gnu/h-x86_64-mingw32/bin/../lib/gcc/nios2-elf/4.9.1/../../../../../H-x86_64-mingw32/nios2-elf/lib\libc.a(lib_a-__call_atexit.o)
 .data          0x00000000080076e0        0x0 c:/altera/15.0/nios2eds/bin/gnu/h-x86_64-mingw32/bin/../lib/gcc/nios2-elf/4.9.1/../../../../../H-x86_64-mingw32/nios2-elf/lib\libc.a(lib_a-fflush.o)
 .data          0x00000000080076e0        0x0 c:/altera/15.0/nios2eds/bin/gnu/h-x86_64-mingw32/bin/../lib/gcc/nios2-elf/4.9.1/../../../../../H-x86_64-mingw32/nios2-elf/lib\libc.a(lib_a-findfp.o)
 .data          0x00000000080076e0        0x0 c:/altera/15.0/nios2eds/bin/gnu/h-x86_64-mingw32/bin/../lib/gcc/nios2-elf/4.9.1/../../../../../H-x86_64-mingw32/nios2-elf/lib\libc.a(lib_a-freer.o)
 .data          0x00000000080076e0        0x0 c:/altera/15.0/nios2eds/bin/gnu/h-x86_64-mingw32/bin/../lib/gcc/nios2-elf/4.9.1/../../../../../H-x86_64-mingw32/nios2-elf/lib\libc.a(lib_a-fwalk.o)
 .data          0x00000000080076e0        0x0 c:/altera/15.0/nios2eds/bin/gnu/h-x86_64-mingw32/bin/../lib/gcc/nios2-elf/4.9.1/../../../../../H-x86_64-mingw32/nios2-elf/lib\libc.a(lib_a-makebuf.o)
 .data          0x00000000080076e0        0x0 c:/altera/15.0/nios2eds/bin/gnu/h-x86_64-mingw32/bin/../lib/gcc/nios2-elf/4.9.1/../../../../../H-x86_64-mingw32/nios2-elf/lib\libc.a(lib_a-memset.o)
 .data          0x00000000080076e0        0x0 c:/altera/15.0/nios2eds/bin/gnu/h-x86_64-mingw32/bin/../lib/gcc/nios2-elf/4.9.1/../../../../../H-x86_64-mingw32/nios2-elf/lib\libc.a(lib_a-stdio.o)
 .data          0x00000000080076e0        0x0 c:/altera/15.0/nios2eds/bin/gnu/h-x86_64-mingw32/bin/../lib/gcc/nios2-elf/4.9.1/../../../../../H-x86_64-mingw32/nios2-elf/lib\libc.a(lib_a-writer.o)
 .data          0x00000000080076e0        0x0 c:/altera/15.0/nios2eds/bin/gnu/h-x86_64-mingw32/bin/../lib/gcc/nios2-elf/4.9.1/../../../../../H-x86_64-mingw32/nios2-elf/lib\libc.a(closer.o)
 .data          0x00000000080076e0        0x0 c:/altera/15.0/nios2eds/bin/gnu/h-x86_64-mingw32/bin/../lib/gcc/nios2-elf/4.9.1/../../../../../H-x86_64-mingw32/nios2-elf/lib\libc.a(lib_a-fclose.o)
 .data          0x00000000080076e0        0x0 c:/altera/15.0/nios2eds/bin/gnu/h-x86_64-mingw32/bin/../lib/gcc/nios2-elf/4.9.1/../../../../../H-x86_64-mingw32/nios2-elf/lib\libc.a(lib_a-fstatr.o)
 .data          0x00000000080076e0        0x0 c:/altera/15.0/nios2eds/bin/gnu/h-x86_64-mingw32/bin/../lib/gcc/nios2-elf/4.9.1/../../../../../H-x86_64-mingw32/nios2-elf/lib\libc.a(lib_a-isattyr.o)
 .data          0x00000000080076e0        0x0 c:/altera/15.0/nios2eds/bin/gnu/h-x86_64-mingw32/bin/../lib/gcc/nios2-elf/4.9.1/../../../../../H-x86_64-mingw32/nios2-elf/lib\libc.a(lib_a-lseekr.o)
 .data          0x00000000080076e0        0x0 c:/altera/15.0/nios2eds/bin/gnu/h-x86_64-mingw32/bin/../lib/gcc/nios2-elf/4.9.1/../../../../../H-x86_64-mingw32/nios2-elf/lib\libc.a(lib_a-readr.o)
 .data          0x00000000080076e0        0x0 C:/Users/Mike/Documents/UBC/CPEN391/Project/Interrupts_bsp/\libhal_bsp.a(alt_exit.o)
 .data          0x00000000080076e0        0x0 C:/Users/Mike/Documents/UBC/CPEN391/Project/Interrupts_bsp/\libhal_bsp.a(alt_fstat.o)
 .data          0x00000000080076e0        0x0 C:/Users/Mike/Documents/UBC/CPEN391/Project/Interrupts_bsp/\libhal_bsp.a(alt_isatty.o)
 .data          0x00000000080076e0        0x0 C:/Users/Mike/Documents/UBC/CPEN391/Project/Interrupts_bsp/\libhal_bsp.a(alt_lseek.o)
 .data          0x00000000080076e0        0x0 C:/Users/Mike/Documents/UBC/CPEN391/Project/Interrupts_bsp/\libhal_bsp.a(alt_malloc_lock.o)
 .data          0x00000000080076e0        0x0 C:/Users/Mike/Documents/UBC/CPEN391/Project/Interrupts_bsp/\libhal_bsp.a(alt_read.o)
 .data          0x00000000080076e0        0x0 C:/Users/Mike/Documents/UBC/CPEN391/Project/Interrupts_bsp/\libhal_bsp.a(alt_sbrk.o)
 .data          0x00000000080076e0        0x0 C:/Users/Mike/Documents/UBC/CPEN391/Project/Interrupts_bsp/\libhal_bsp.a(alt_write.o)
                0x000000000800f6e0                _gp = ABSOLUTE ((. + 0x8000))
                0x000000000800f6e0                PROVIDE (gp, _gp)
 *(.rwdata .rwdata.*)
 *(.sdata .sdata.* .gnu.linkonce.s.*)
 .sdata         0x00000000080076e0        0x4 C:/Users/Mike/Documents/UBC/CPEN391/Project/Interrupts_bsp/\libhal_bsp.a(alt_irq_vars.o)
                0x00000000080076e0                alt_priority_mask
 .sdata         0x00000000080076e4       0x14 C:/Users/Mike/Documents/UBC/CPEN391/Project/Interrupts_bsp/\libhal_bsp.a(alt_dev.o)
                0x00000000080076e4                alt_fs_list
                0x00000000080076ec                alt_dev_list
                0x00000000080076f4                alt_max_fd
 .sdata         0x00000000080076f8        0x4 C:/Users/Mike/Documents/UBC/CPEN391/Project/Interrupts_bsp/\libhal_bsp.a(alt_errno.o)
                0x00000000080076f8                alt_errno
 .sdata         0x00000000080076fc        0x8 C:/Users/Mike/Documents/UBC/CPEN391/Project/Interrupts_bsp/\libhal_bsp.a(alt_tick.o)
                0x00000000080076fc                alt_alarm_list
 .sdata         0x0000000008007704        0x8 c:/altera/15.0/nios2eds/bin/gnu/h-x86_64-mingw32/bin/../lib/gcc/nios2-elf/4.9.1/../../../../../H-x86_64-mingw32/nios2-elf/lib\libc.a(lib_a-impure.o)
                0x0000000008007704                _global_impure_ptr
                0x0000000008007708                _impure_ptr
 .sdata         0x000000000800770c        0x8 c:/altera/15.0/nios2eds/bin/gnu/h-x86_64-mingw32/bin/../lib/gcc/nios2-elf/4.9.1/../../../../../H-x86_64-mingw32/nios2-elf/lib\libc.a(lib_a-mallocr.o)
                0x000000000800770c                __malloc_sbrk_base
                0x0000000008007710                __malloc_trim_threshold
 .sdata         0x0000000008007714        0x4 C:/Users/Mike/Documents/UBC/CPEN391/Project/Interrupts_bsp/\libhal_bsp.a(alt_sbrk.o)
 *(.sdata2 .sdata2.* .gnu.linkonce.s2.*)
                0x0000000008007718                . = ALIGN (0x4)
                0x0000000008007718                _edata = ABSOLUTE (.)
                0x0000000008007718                PROVIDE (edata, ABSOLUTE (.))
                0x0000000008007718                PROVIDE (__ram_rwdata_end, ABSOLUTE (.))
                0x0000000008007718                PROVIDE (__flash_rwdata_start, LOADADDR (.rwdata))

.bss            0x00000000080091b0      0x150
                0x00000000080091b0                __bss_start = ABSOLUTE (.)
                0x00000000080091b0                PROVIDE (__sbss_start, ABSOLUTE (.))
                0x00000000080091b0                PROVIDE (___sbss_start, ABSOLUTE (.))
 *(.dynsbss)
 *(.sbss .sbss.* .gnu.linkonce.sb.*)
 .sbss          0x00000000080091b0        0x4 C:/Users/Mike/Documents/UBC/CPEN391/Project/Interrupts_bsp/\libhal_bsp.a(alt_irq_vars.o)
                0x00000000080091b0                alt_irq_active
 .sbss          0x00000000080091b4        0xc C:/Users/Mike/Documents/UBC/CPEN391/Project/Interrupts_bsp/\libhal_bsp.a(alt_main.o)
                0x00000000080091b4                alt_argc
                0x00000000080091b8                alt_argv
                0x00000000080091bc                alt_envp
 .sbss          0x00000000080091c0        0x8 C:/Users/Mike/Documents/UBC/CPEN391/Project/Interrupts_bsp/\libhal_bsp.a(alt_tick.o)
                0x00000000080091c0                _alt_tick_rate
                0x00000000080091c4                _alt_nticks
 .sbss          0x00000000080091c8        0x4 c:/altera/15.0/nios2eds/bin/gnu/h-x86_64-mingw32/bin/../lib/gcc/nios2-elf/4.9.1/../../../../../H-x86_64-mingw32/nios2-elf/lib\libc.a(lib_a-int_errno.o)
                0x00000000080091c8                errno
 .sbss          0x00000000080091cc        0xc c:/altera/15.0/nios2eds/bin/gnu/h-x86_64-mingw32/bin/../lib/gcc/nios2-elf/4.9.1/../../../../../H-x86_64-mingw32/nios2-elf/lib\libc.a(lib_a-mallocr.o)
                0x00000000080091cc                __malloc_max_total_mem
                0x00000000080091d0                __malloc_max_sbrked_mem
                0x00000000080091d4                __malloc_top_pad
 *(.sbss2 .sbss2.* .gnu.linkonce.sb2.*)
 *(.scommon)
                0x00000000080091d8                PROVIDE (__sbss_end, ABSOLUTE (.))
                0x00000000080091d8                PROVIDE (___sbss_end, ABSOLUTE (.))
 *(.dynbss)
 *(.bss .bss.* .gnu.linkonce.b.*)
 .bss           0x00000000080091d8        0x0 C:/Users/Mike/Documents/UBC/CPEN391/Project/Interrupts_bsp//obj/HAL/src/crt0.o
 .bss           0x00000000080091d8        0x0 obj/default/hello_world.o
 .bss           0x00000000080091d8        0x0 C:/Users/Mike/Documents/UBC/CPEN391/Project/Interrupts_bsp/\libhal_bsp.a(alt_irq_register.o)
 .bss           0x00000000080091d8        0x0 C:/Users/Mike/Documents/UBC/CPEN391/Project/Interrupts_bsp/\libhal_bsp.a(alt_irq_vars.o)
 .bss           0x00000000080091d8        0x0 C:/Users/Mike/Documents/UBC/CPEN391/Project/Interrupts_bsp/\libhal_bsp.a(alt_load.o)
 .bss           0x00000000080091d8        0x0 C:/Users/Mike/Documents/UBC/CPEN391/Project/Interrupts_bsp/\libhal_bsp.a(alt_main.o)
 .bss           0x00000000080091d8        0x0 C:/Users/Mike/Documents/UBC/CPEN391/Project/Interrupts_bsp/\libhal_bsp.a(alt_putstr.o)
 .bss           0x00000000080091d8        0x0 C:/Users/Mike/Documents/UBC/CPEN391/Project/Interrupts_bsp/\libhal_bsp.a(alt_sys_init.o)
 .bss           0x00000000080091d8        0x0 C:/Users/Mike/Documents/UBC/CPEN391/Project/Interrupts_bsp/\libhal_bsp.a(altera_avalon_jtag_uart_fd.o)
 .bss           0x00000000080091d8        0x0 C:/Users/Mike/Documents/UBC/CPEN391/Project/Interrupts_bsp/\libhal_bsp.a(altera_avalon_jtag_uart_init.o)
 .bss           0x00000000080091d8        0x0 C:/Users/Mike/Documents/UBC/CPEN391/Project/Interrupts_bsp/\libhal_bsp.a(altera_avalon_jtag_uart_ioctl.o)
 .bss           0x00000000080091d8        0x0 C:/Users/Mike/Documents/UBC/CPEN391/Project/Interrupts_bsp/\libhal_bsp.a(altera_avalon_jtag_uart_read.o)
 .bss           0x00000000080091d8        0x0 C:/Users/Mike/Documents/UBC/CPEN391/Project/Interrupts_bsp/\libhal_bsp.a(altera_avalon_jtag_uart_write.o)
 .bss           0x00000000080091d8        0x0 C:/Users/Mike/Documents/UBC/CPEN391/Project/Interrupts_bsp/\libhal_bsp.a(altera_avalon_timer_sc.o)
 .bss           0x00000000080091d8        0x0 C:/Users/Mike/Documents/UBC/CPEN391/Project/Interrupts_bsp/\libhal_bsp.a(altera_up_avalon_character_lcd.o)
 .bss           0x00000000080091d8        0x0 C:/Users/Mike/Documents/UBC/CPEN391/Project/Interrupts_bsp/\libhal_bsp.a(alt_alarm_start.o)
 .bss           0x00000000080091d8        0x0 C:/Users/Mike/Documents/UBC/CPEN391/Project/Interrupts_bsp/\libhal_bsp.a(alt_close.o)
 .bss           0x00000000080091d8        0x0 C:/Users/Mike/Documents/UBC/CPEN391/Project/Interrupts_bsp/\libhal_bsp.a(alt_dcache_flush_all.o)
 .bss           0x00000000080091d8        0x0 C:/Users/Mike/Documents/UBC/CPEN391/Project/Interrupts_bsp/\libhal_bsp.a(alt_dev.o)
 .bss           0x00000000080091d8        0x0 C:/Users/Mike/Documents/UBC/CPEN391/Project/Interrupts_bsp/\libhal_bsp.a(alt_dev_llist_insert.o)
 .bss           0x00000000080091d8        0x0 C:/Users/Mike/Documents/UBC/CPEN391/Project/Interrupts_bsp/\libhal_bsp.a(alt_do_ctors.o)
 .bss           0x00000000080091d8        0x0 C:/Users/Mike/Documents/UBC/CPEN391/Project/Interrupts_bsp/\libhal_bsp.a(alt_do_dtors.o)
 .bss           0x00000000080091d8        0x0 C:/Users/Mike/Documents/UBC/CPEN391/Project/Interrupts_bsp/\libhal_bsp.a(alt_errno.o)
 .bss           0x00000000080091d8        0x0 C:/Users/Mike/Documents/UBC/CPEN391/Project/Interrupts_bsp/\libhal_bsp.a(alt_find_dev.o)
 .bss           0x00000000080091d8        0x0 C:/Users/Mike/Documents/UBC/CPEN391/Project/Interrupts_bsp/\libhal_bsp.a(alt_icache_flush_all.o)
 .bss           0x00000000080091d8        0x0 C:/Users/Mike/Documents/UBC/CPEN391/Project/Interrupts_bsp/\libhal_bsp.a(alt_iic.o)
 .bss           0x00000000080091d8        0x0 C:/Users/Mike/Documents/UBC/CPEN391/Project/Interrupts_bsp/\libhal_bsp.a(alt_iic_isr_register.o)
 .bss           0x00000000080091d8        0x0 C:/Users/Mike/Documents/UBC/CPEN391/Project/Interrupts_bsp/\libhal_bsp.a(alt_io_redirect.o)
 .bss           0x00000000080091d8        0x0 C:/Users/Mike/Documents/UBC/CPEN391/Project/Interrupts_bsp/\libhal_bsp.a(alt_irq_entry.o)
 .bss           0x00000000080091d8        0x0 C:/Users/Mike/Documents/UBC/CPEN391/Project/Interrupts_bsp/\libhal_bsp.a(alt_irq_handler.o)
 .bss           0x00000000080091d8        0x0 C:/Users/Mike/Documents/UBC/CPEN391/Project/Interrupts_bsp/\libhal_bsp.a(alt_open.o)
 .bss           0x00000000080091d8        0x0 C:/Users/Mike/Documents/UBC/CPEN391/Project/Interrupts_bsp/\libhal_bsp.a(alt_release_fd.o)
 .bss           0x00000000080091d8        0x0 C:/Users/Mike/Documents/UBC/CPEN391/Project/Interrupts_bsp/\libhal_bsp.a(alt_tick.o)
 .bss           0x00000000080091d8        0x0 C:/Users/Mike/Documents/UBC/CPEN391/Project/Interrupts_bsp/\libhal_bsp.a(altera_nios2_qsys_irq.o)
 .bss           0x00000000080091d8        0x0 C:/Users/Mike/Documents/UBC/CPEN391/Project/Interrupts_bsp/\libhal_bsp.a(alt_exception_entry.o)
 .bss           0x00000000080091d8        0x0 C:/Users/Mike/Documents/UBC/CPEN391/Project/Interrupts_bsp/\libhal_bsp.a(alt_find_file.o)
 .bss           0x00000000080091d8        0x0 C:/Users/Mike/Documents/UBC/CPEN391/Project/Interrupts_bsp/\libhal_bsp.a(alt_get_fd.o)
 .bss           0x00000000080091d8        0x0 C:/Users/Mike/Documents/UBC/CPEN391/Project/Interrupts_bsp/\libhal_bsp.a(alt_icache_flush.o)
 .bss           0x00000000080091d8        0x0 c:/altera/15.0/nios2eds/bin/gnu/h-x86_64-mingw32/bin/../lib/gcc/nios2-elf/4.9.1/../../../../../H-x86_64-mingw32/nios2-elf/lib\libc.a(lib_a-atexit.o)
 .bss           0x00000000080091d8        0x0 c:/altera/15.0/nios2eds/bin/gnu/h-x86_64-mingw32/bin/../lib/gcc/nios2-elf/4.9.1/../../../../../H-x86_64-mingw32/nios2-elf/lib\libc.a(lib_a-exit.o)
 .bss           0x00000000080091d8        0x0 c:/altera/15.0/nios2eds/bin/gnu/h-x86_64-mingw32/bin/../lib/gcc/nios2-elf/4.9.1/../../../../../H-x86_64-mingw32/nios2-elf/lib\libc.a(lib_a-fputs.o)
 .bss           0x00000000080091d8        0x0 c:/altera/15.0/nios2eds/bin/gnu/h-x86_64-mingw32/bin/../lib/gcc/nios2-elf/4.9.1/../../../../../H-x86_64-mingw32/nios2-elf/lib\libc.a(lib_a-fvwrite.o)
 .bss           0x00000000080091d8        0x0 c:/altera/15.0/nios2eds/bin/gnu/h-x86_64-mingw32/bin/../lib/gcc/nios2-elf/4.9.1/../../../../../H-x86_64-mingw32/nios2-elf/lib\libc.a(lib_a-impure.o)
 .bss           0x00000000080091d8        0x0 c:/altera/15.0/nios2eds/bin/gnu/h-x86_64-mingw32/bin/../lib/gcc/nios2-elf/4.9.1/../../../../../H-x86_64-mingw32/nios2-elf/lib\libc.a(lib_a-int_errno.o)
 .bss           0x00000000080091d8       0x28 c:/altera/15.0/nios2eds/bin/gnu/h-x86_64-mingw32/bin/../lib/gcc/nios2-elf/4.9.1/../../../../../H-x86_64-mingw32/nios2-elf/lib\libc.a(lib_a-mallocr.o)
                0x00000000080091d8                __malloc_current_mallinfo
 .bss           0x0000000008009200        0x0 c:/altera/15.0/nios2eds/bin/gnu/h-x86_64-mingw32/bin/../lib/gcc/nios2-elf/4.9.1/../../../../../H-x86_64-mingw32/nios2-elf/lib\libc.a(lib_a-memchr.o)
 .bss           0x0000000008009200        0x0 c:/altera/15.0/nios2eds/bin/gnu/h-x86_64-mingw32/bin/../lib/gcc/nios2-elf/4.9.1/../../../../../H-x86_64-mingw32/nios2-elf/lib\libc.a(lib_a-memcmp.o)
 .bss           0x0000000008009200        0x0 c:/altera/15.0/nios2eds/bin/gnu/h-x86_64-mingw32/bin/../lib/gcc/nios2-elf/4.9.1/../../../../../H-x86_64-mingw32/nios2-elf/lib\libc.a(lib_a-memcpy.o)
 .bss           0x0000000008009200        0x0 c:/altera/15.0/nios2eds/bin/gnu/h-x86_64-mingw32/bin/../lib/gcc/nios2-elf/4.9.1/../../../../../H-x86_64-mingw32/nios2-elf/lib\libc.a(lib_a-memmove.o)
 .bss           0x0000000008009200        0x0 c:/altera/15.0/nios2eds/bin/gnu/h-x86_64-mingw32/bin/../lib/gcc/nios2-elf/4.9.1/../../../../../H-x86_64-mingw32/nios2-elf/lib\libc.a(lib_a-reallocr.o)
 .bss           0x0000000008009200        0x0 c:/altera/15.0/nios2eds/bin/gnu/h-x86_64-mingw32/bin/../lib/gcc/nios2-elf/4.9.1/../../../../../H-x86_64-mingw32/nios2-elf/lib\libc.a(lib_a-sbrkr.o)
 .bss           0x0000000008009200        0x0 c:/altera/15.0/nios2eds/bin/gnu/h-x86_64-mingw32/bin/../lib/gcc/nios2-elf/4.9.1/../../../../../H-x86_64-mingw32/nios2-elf/lib\libc.a(lib_a-strlen.o)
 .bss           0x0000000008009200        0x0 c:/altera/15.0/nios2eds/bin/gnu/h-x86_64-mingw32/bin/../lib/gcc/nios2-elf/4.9.1/../../../../../H-x86_64-mingw32/nios2-elf/lib\libc.a(lib_a-wsetup.o)
 .bss           0x0000000008009200        0x0 c:/altera/15.0/nios2eds/bin/gnu/h-x86_64-mingw32/bin/../lib/gcc/nios2-elf/4.9.1/../../../../../H-x86_64-mingw32/nios2-elf/lib\libc.a(lib_a-__atexit.o)
 .bss           0x0000000008009200        0x0 c:/altera/15.0/nios2eds/bin/gnu/h-x86_64-mingw32/bin/../lib/gcc/nios2-elf/4.9.1/../../../../../H-x86_64-mingw32/nios2-elf/lib\libc.a(lib_a-__call_atexit.o)
 .bss           0x0000000008009200        0x0 c:/altera/15.0/nios2eds/bin/gnu/h-x86_64-mingw32/bin/../lib/gcc/nios2-elf/4.9.1/../../../../../H-x86_64-mingw32/nios2-elf/lib\libc.a(lib_a-fflush.o)
 .bss           0x0000000008009200        0x0 c:/altera/15.0/nios2eds/bin/gnu/h-x86_64-mingw32/bin/../lib/gcc/nios2-elf/4.9.1/../../../../../H-x86_64-mingw32/nios2-elf/lib\libc.a(lib_a-findfp.o)
 .bss           0x0000000008009200        0x0 c:/altera/15.0/nios2eds/bin/gnu/h-x86_64-mingw32/bin/../lib/gcc/nios2-elf/4.9.1/../../../../../H-x86_64-mingw32/nios2-elf/lib\libc.a(lib_a-freer.o)
 .bss           0x0000000008009200        0x0 c:/altera/15.0/nios2eds/bin/gnu/h-x86_64-mingw32/bin/../lib/gcc/nios2-elf/4.9.1/../../../../../H-x86_64-mingw32/nios2-elf/lib\libc.a(lib_a-fwalk.o)
 .bss           0x0000000008009200        0x0 c:/altera/15.0/nios2eds/bin/gnu/h-x86_64-mingw32/bin/../lib/gcc/nios2-elf/4.9.1/../../../../../H-x86_64-mingw32/nios2-elf/lib\libc.a(lib_a-makebuf.o)
 .bss           0x0000000008009200        0x0 c:/altera/15.0/nios2eds/bin/gnu/h-x86_64-mingw32/bin/../lib/gcc/nios2-elf/4.9.1/../../../../../H-x86_64-mingw32/nios2-elf/lib\libc.a(lib_a-memset.o)
 .bss           0x0000000008009200        0x0 c:/altera/15.0/nios2eds/bin/gnu/h-x86_64-mingw32/bin/../lib/gcc/nios2-elf/4.9.1/../../../../../H-x86_64-mingw32/nios2-elf/lib\libc.a(lib_a-stdio.o)
 .bss           0x0000000008009200        0x0 c:/altera/15.0/nios2eds/bin/gnu/h-x86_64-mingw32/bin/../lib/gcc/nios2-elf/4.9.1/../../../../../H-x86_64-mingw32/nios2-elf/lib\libc.a(lib_a-writer.o)
 .bss           0x0000000008009200        0x0 c:/altera/15.0/nios2eds/bin/gnu/h-x86_64-mingw32/bin/../lib/gcc/nios2-elf/4.9.1/../../../../../H-x86_64-mingw32/nios2-elf/lib\libc.a(closer.o)
 .bss           0x0000000008009200        0x0 c:/altera/15.0/nios2eds/bin/gnu/h-x86_64-mingw32/bin/../lib/gcc/nios2-elf/4.9.1/../../../../../H-x86_64-mingw32/nios2-elf/lib\libc.a(lib_a-fclose.o)
 .bss           0x0000000008009200        0x0 c:/altera/15.0/nios2eds/bin/gnu/h-x86_64-mingw32/bin/../lib/gcc/nios2-elf/4.9.1/../../../../../H-x86_64-mingw32/nios2-elf/lib\libc.a(lib_a-fstatr.o)
 .bss           0x0000000008009200        0x0 c:/altera/15.0/nios2eds/bin/gnu/h-x86_64-mingw32/bin/../lib/gcc/nios2-elf/4.9.1/../../../../../H-x86_64-mingw32/nios2-elf/lib\libc.a(lib_a-isattyr.o)
 .bss           0x0000000008009200        0x0 c:/altera/15.0/nios2eds/bin/gnu/h-x86_64-mingw32/bin/../lib/gcc/nios2-elf/4.9.1/../../../../../H-x86_64-mingw32/nios2-elf/lib\libc.a(lib_a-lseekr.o)
 .bss           0x0000000008009200        0x0 c:/altera/15.0/nios2eds/bin/gnu/h-x86_64-mingw32/bin/../lib/gcc/nios2-elf/4.9.1/../../../../../H-x86_64-mingw32/nios2-elf/lib\libc.a(lib_a-readr.o)
 .bss           0x0000000008009200        0x0 C:/Users/Mike/Documents/UBC/CPEN391/Project/Interrupts_bsp/\libhal_bsp.a(alt_exit.o)
 .bss           0x0000000008009200        0x0 C:/Users/Mike/Documents/UBC/CPEN391/Project/Interrupts_bsp/\libhal_bsp.a(alt_fstat.o)
 .bss           0x0000000008009200        0x0 C:/Users/Mike/Documents/UBC/CPEN391/Project/Interrupts_bsp/\libhal_bsp.a(alt_isatty.o)
 .bss           0x0000000008009200        0x0 C:/Users/Mike/Documents/UBC/CPEN391/Project/Interrupts_bsp/\libhal_bsp.a(alt_lseek.o)
 .bss           0x0000000008009200        0x0 C:/Users/Mike/Documents/UBC/CPEN391/Project/Interrupts_bsp/\libhal_bsp.a(alt_malloc_lock.o)
 .bss           0x0000000008009200        0x0 C:/Users/Mike/Documents/UBC/CPEN391/Project/Interrupts_bsp/\libhal_bsp.a(alt_read.o)
 .bss           0x0000000008009200        0x0 C:/Users/Mike/Documents/UBC/CPEN391/Project/Interrupts_bsp/\libhal_bsp.a(alt_sbrk.o)
 .bss           0x0000000008009200        0x0 C:/Users/Mike/Documents/UBC/CPEN391/Project/Interrupts_bsp/\libhal_bsp.a(alt_write.o)
 *(COMMON)
 COMMON         0x0000000008009200      0x100 C:/Users/Mike/Documents/UBC/CPEN391/Project/Interrupts_bsp/\libhal_bsp.a(alt_irq_handler.o)
                0x0000000008009200                alt_irq
                0x0000000008009300                . = ALIGN (0x4)
                0x0000000008009300                __bss_end = ABSOLUTE (.)

.sdram          0x0000000008009300        0x0
                0x0000000008009300                PROVIDE (_alt_partition_sdram_start, ABSOLUTE (.))
 *(.sdram .sdram. sdram.*)
                0x0000000008009300                . = ALIGN (0x4)
                0x0000000008009300                PROVIDE (_alt_partition_sdram_end, ABSOLUTE (.))
                0x0000000008009300                _end = ABSOLUTE (.)
                0x0000000008009300                end = ABSOLUTE (.)
                0x0000000008009300                __alt_stack_base = ABSOLUTE (.)
                0x0000000008009300                PROVIDE (_alt_partition_sdram_load_addr, LOADADDR (.sdram))

.stab
 *(.stab)

.stabstr
 *(.stabstr)

.stab.excl
 *(.stab.excl)

.stab.exclstr
 *(.stab.exclstr)

.stab.index
 *(.stab.index)

.stab.indexstr
 *(.stab.indexstr)

.comment        0x0000000000000000       0x23
 *(.comment)
 .comment       0x0000000000000000       0x23 obj/default/hello_world.o
                                         0x24 (size before relaxing)
 .comment       0x0000000000000000       0x24 C:/Users/Mike/Documents/UBC/CPEN391/Project/Interrupts_bsp/\libhal_bsp.a(alt_irq_register.o)
 .comment       0x0000000000000000       0x24 C:/Users/Mike/Documents/UBC/CPEN391/Project/Interrupts_bsp/\libhal_bsp.a(alt_irq_vars.o)
 .comment       0x0000000000000000       0x24 C:/Users/Mike/Documents/UBC/CPEN391/Project/Interrupts_bsp/\libhal_bsp.a(alt_load.o)
 .comment       0x0000000000000000       0x24 C:/Users/Mike/Documents/UBC/CPEN391/Project/Interrupts_bsp/\libhal_bsp.a(alt_main.o)
 .comment       0x0000000000000000       0x24 C:/Users/Mike/Documents/UBC/CPEN391/Project/Interrupts_bsp/\libhal_bsp.a(alt_putstr.o)
 .comment       0x0000000000000000       0x24 C:/Users/Mike/Documents/UBC/CPEN391/Project/Interrupts_bsp/\libhal_bsp.a(alt_sys_init.o)
 .comment       0x0000000000000000       0x24 C:/Users/Mike/Documents/UBC/CPEN391/Project/Interrupts_bsp/\libhal_bsp.a(altera_avalon_jtag_uart_fd.o)
 .comment       0x0000000000000000       0x24 C:/Users/Mike/Documents/UBC/CPEN391/Project/Interrupts_bsp/\libhal_bsp.a(altera_avalon_jtag_uart_init.o)
 .comment       0x0000000000000000       0x24 C:/Users/Mike/Documents/UBC/CPEN391/Project/Interrupts_bsp/\libhal_bsp.a(altera_avalon_jtag_uart_ioctl.o)
 .comment       0x0000000000000000       0x24 C:/Users/Mike/Documents/UBC/CPEN391/Project/Interrupts_bsp/\libhal_bsp.a(altera_avalon_jtag_uart_read.o)
 .comment       0x0000000000000000       0x24 C:/Users/Mike/Documents/UBC/CPEN391/Project/Interrupts_bsp/\libhal_bsp.a(altera_avalon_jtag_uart_write.o)
 .comment       0x0000000000000000       0x24 C:/Users/Mike/Documents/UBC/CPEN391/Project/Interrupts_bsp/\libhal_bsp.a(altera_avalon_timer_sc.o)
 .comment       0x0000000000000000       0x24 C:/Users/Mike/Documents/UBC/CPEN391/Project/Interrupts_bsp/\libhal_bsp.a(altera_up_avalon_character_lcd.o)
 .comment       0x0000000000000000       0x24 C:/Users/Mike/Documents/UBC/CPEN391/Project/Interrupts_bsp/\libhal_bsp.a(alt_alarm_start.o)
 .comment       0x0000000000000000       0x24 C:/Users/Mike/Documents/UBC/CPEN391/Project/Interrupts_bsp/\libhal_bsp.a(alt_close.o)
 .comment       0x0000000000000000       0x24 C:/Users/Mike/Documents/UBC/CPEN391/Project/Interrupts_bsp/\libhal_bsp.a(alt_dcache_flush_all.o)
 .comment       0x0000000000000000       0x24 C:/Users/Mike/Documents/UBC/CPEN391/Project/Interrupts_bsp/\libhal_bsp.a(alt_dev.o)
 .comment       0x0000000000000000       0x24 C:/Users/Mike/Documents/UBC/CPEN391/Project/Interrupts_bsp/\libhal_bsp.a(alt_dev_llist_insert.o)
 .comment       0x0000000000000000       0x24 C:/Users/Mike/Documents/UBC/CPEN391/Project/Interrupts_bsp/\libhal_bsp.a(alt_do_ctors.o)
 .comment       0x0000000000000000       0x24 C:/Users/Mike/Documents/UBC/CPEN391/Project/Interrupts_bsp/\libhal_bsp.a(alt_do_dtors.o)
 .comment       0x0000000000000000       0x24 C:/Users/Mike/Documents/UBC/CPEN391/Project/Interrupts_bsp/\libhal_bsp.a(alt_errno.o)
 .comment       0x0000000000000000       0x24 C:/Users/Mike/Documents/UBC/CPEN391/Project/Interrupts_bsp/\libhal_bsp.a(alt_find_dev.o)
 .comment       0x0000000000000000       0x24 C:/Users/Mike/Documents/UBC/CPEN391/Project/Interrupts_bsp/\libhal_bsp.a(alt_icache_flush_all.o)
 .comment       0x0000000000000000       0x24 C:/Users/Mike/Documents/UBC/CPEN391/Project/Interrupts_bsp/\libhal_bsp.a(alt_iic.o)
 .comment       0x0000000000000000       0x24 C:/Users/Mike/Documents/UBC/CPEN391/Project/Interrupts_bsp/\libhal_bsp.a(alt_iic_isr_register.o)
 .comment       0x0000000000000000       0x24 C:/Users/Mike/Documents/UBC/CPEN391/Project/Interrupts_bsp/\libhal_bsp.a(alt_io_redirect.o)
 .comment       0x0000000000000000       0x24 C:/Users/Mike/Documents/UBC/CPEN391/Project/Interrupts_bsp/\libhal_bsp.a(alt_irq_handler.o)
 .comment       0x0000000000000000       0x24 C:/Users/Mike/Documents/UBC/CPEN391/Project/Interrupts_bsp/\libhal_bsp.a(alt_open.o)
 .comment       0x0000000000000000       0x24 C:/Users/Mike/Documents/UBC/CPEN391/Project/Interrupts_bsp/\libhal_bsp.a(alt_release_fd.o)
 .comment       0x0000000000000000       0x24 C:/Users/Mike/Documents/UBC/CPEN391/Project/Interrupts_bsp/\libhal_bsp.a(alt_tick.o)
 .comment       0x0000000000000000       0x24 C:/Users/Mike/Documents/UBC/CPEN391/Project/Interrupts_bsp/\libhal_bsp.a(altera_nios2_qsys_irq.o)
 .comment       0x0000000000000000       0x24 C:/Users/Mike/Documents/UBC/CPEN391/Project/Interrupts_bsp/\libhal_bsp.a(alt_find_file.o)
 .comment       0x0000000000000000       0x24 C:/Users/Mike/Documents/UBC/CPEN391/Project/Interrupts_bsp/\libhal_bsp.a(alt_get_fd.o)
 .comment       0x0000000000000000       0x24 C:/Users/Mike/Documents/UBC/CPEN391/Project/Interrupts_bsp/\libhal_bsp.a(alt_icache_flush.o)
 .comment       0x0000000000000000       0x24 c:/altera/15.0/nios2eds/bin/gnu/h-x86_64-mingw32/bin/../lib/gcc/nios2-elf/4.9.1/../../../../../H-x86_64-mingw32/nios2-elf/lib\libc.a(lib_a-atexit.o)
 .comment       0x0000000000000000       0x24 c:/altera/15.0/nios2eds/bin/gnu/h-x86_64-mingw32/bin/../lib/gcc/nios2-elf/4.9.1/../../../../../H-x86_64-mingw32/nios2-elf/lib\libc.a(lib_a-exit.o)
 .comment       0x0000000000000000       0x24 c:/altera/15.0/nios2eds/bin/gnu/h-x86_64-mingw32/bin/../lib/gcc/nios2-elf/4.9.1/../../../../../H-x86_64-mingw32/nios2-elf/lib\libc.a(lib_a-fputs.o)
 .comment       0x0000000000000000       0x24 c:/altera/15.0/nios2eds/bin/gnu/h-x86_64-mingw32/bin/../lib/gcc/nios2-elf/4.9.1/../../../../../H-x86_64-mingw32/nios2-elf/lib\libc.a(lib_a-fvwrite.o)
 .comment       0x0000000000000000       0x24 c:/altera/15.0/nios2eds/bin/gnu/h-x86_64-mingw32/bin/../lib/gcc/nios2-elf/4.9.1/../../../../../H-x86_64-mingw32/nios2-elf/lib\libc.a(lib_a-impure.o)
 .comment       0x0000000000000000       0x24 c:/altera/15.0/nios2eds/bin/gnu/h-x86_64-mingw32/bin/../lib/gcc/nios2-elf/4.9.1/../../../../../H-x86_64-mingw32/nios2-elf/lib\libc.a(lib_a-int_errno.o)
 .comment       0x0000000000000000       0x24 c:/altera/15.0/nios2eds/bin/gnu/h-x86_64-mingw32/bin/../lib/gcc/nios2-elf/4.9.1/../../../../../H-x86_64-mingw32/nios2-elf/lib\libc.a(lib_a-mallocr.o)
 .comment       0x0000000000000000       0x24 c:/altera/15.0/nios2eds/bin/gnu/h-x86_64-mingw32/bin/../lib/gcc/nios2-elf/4.9.1/../../../../../H-x86_64-mingw32/nios2-elf/lib\libc.a(lib_a-memchr.o)
 .comment       0x0000000000000000       0x24 c:/altera/15.0/nios2eds/bin/gnu/h-x86_64-mingw32/bin/../lib/gcc/nios2-elf/4.9.1/../../../../../H-x86_64-mingw32/nios2-elf/lib\libc.a(lib_a-memcmp.o)
 .comment       0x0000000000000000       0x24 c:/altera/15.0/nios2eds/bin/gnu/h-x86_64-mingw32/bin/../lib/gcc/nios2-elf/4.9.1/../../../../../H-x86_64-mingw32/nios2-elf/lib\libc.a(lib_a-memcpy.o)
 .comment       0x0000000000000000       0x24 c:/altera/15.0/nios2eds/bin/gnu/h-x86_64-mingw32/bin/../lib/gcc/nios2-elf/4.9.1/../../../../../H-x86_64-mingw32/nios2-elf/lib\libc.a(lib_a-memmove.o)
 .comment       0x0000000000000000       0x24 c:/altera/15.0/nios2eds/bin/gnu/h-x86_64-mingw32/bin/../lib/gcc/nios2-elf/4.9.1/../../../../../H-x86_64-mingw32/nios2-elf/lib\libc.a(lib_a-reallocr.o)
 .comment       0x0000000000000000       0x24 c:/altera/15.0/nios2eds/bin/gnu/h-x86_64-mingw32/bin/../lib/gcc/nios2-elf/4.9.1/../../../../../H-x86_64-mingw32/nios2-elf/lib\libc.a(lib_a-sbrkr.o)
 .comment       0x0000000000000000       0x24 c:/altera/15.0/nios2eds/bin/gnu/h-x86_64-mingw32/bin/../lib/gcc/nios2-elf/4.9.1/../../../../../H-x86_64-mingw32/nios2-elf/lib\libc.a(lib_a-strlen.o)
 .comment       0x0000000000000000       0x24 c:/altera/15.0/nios2eds/bin/gnu/h-x86_64-mingw32/bin/../lib/gcc/nios2-elf/4.9.1/../../../../../H-x86_64-mingw32/nios2-elf/lib\libc.a(lib_a-wsetup.o)
 .comment       0x0000000000000000       0x24 c:/altera/15.0/nios2eds/bin/gnu/h-x86_64-mingw32/bin/../lib/gcc/nios2-elf/4.9.1/../../../../../H-x86_64-mingw32/nios2-elf/lib\libc.a(lib_a-__atexit.o)
 .comment       0x0000000000000000       0x24 c:/altera/15.0/nios2eds/bin/gnu/h-x86_64-mingw32/bin/../lib/gcc/nios2-elf/4.9.1/../../../../../H-x86_64-mingw32/nios2-elf/lib\libc.a(lib_a-__call_atexit.o)
 .comment       0x0000000000000000       0x24 c:/altera/15.0/nios2eds/bin/gnu/h-x86_64-mingw32/bin/../lib/gcc/nios2-elf/4.9.1/../../../../../H-x86_64-mingw32/nios2-elf/lib\libc.a(lib_a-fflush.o)
 .comment       0x0000000000000000       0x24 c:/altera/15.0/nios2eds/bin/gnu/h-x86_64-mingw32/bin/../lib/gcc/nios2-elf/4.9.1/../../../../../H-x86_64-mingw32/nios2-elf/lib\libc.a(lib_a-findfp.o)
 .comment       0x0000000000000000       0x24 c:/altera/15.0/nios2eds/bin/gnu/h-x86_64-mingw32/bin/../lib/gcc/nios2-elf/4.9.1/../../../../../H-x86_64-mingw32/nios2-elf/lib\libc.a(lib_a-freer.o)
 .comment       0x0000000000000000       0x24 c:/altera/15.0/nios2eds/bin/gnu/h-x86_64-mingw32/bin/../lib/gcc/nios2-elf/4.9.1/../../../../../H-x86_64-mingw32/nios2-elf/lib\libc.a(lib_a-fwalk.o)
 .comment       0x0000000000000000       0x24 c:/altera/15.0/nios2eds/bin/gnu/h-x86_64-mingw32/bin/../lib/gcc/nios2-elf/4.9.1/../../../../../H-x86_64-mingw32/nios2-elf/lib\libc.a(lib_a-makebuf.o)
 .comment       0x0000000000000000       0x24 c:/altera/15.0/nios2eds/bin/gnu/h-x86_64-mingw32/bin/../lib/gcc/nios2-elf/4.9.1/../../../../../H-x86_64-mingw32/nios2-elf/lib\libc.a(lib_a-memset.o)
 .comment       0x0000000000000000       0x24 c:/altera/15.0/nios2eds/bin/gnu/h-x86_64-mingw32/bin/../lib/gcc/nios2-elf/4.9.1/../../../../../H-x86_64-mingw32/nios2-elf/lib\libc.a(lib_a-stdio.o)
 .comment       0x0000000000000000       0x24 c:/altera/15.0/nios2eds/bin/gnu/h-x86_64-mingw32/bin/../lib/gcc/nios2-elf/4.9.1/../../../../../H-x86_64-mingw32/nios2-elf/lib\libc.a(lib_a-writer.o)
 .comment       0x0000000000000000       0x24 c:/altera/15.0/nios2eds/bin/gnu/h-x86_64-mingw32/bin/../lib/gcc/nios2-elf/4.9.1/../../../../../H-x86_64-mingw32/nios2-elf/lib\libc.a(closer.o)
 .comment       0x0000000000000000       0x24 c:/altera/15.0/nios2eds/bin/gnu/h-x86_64-mingw32/bin/../lib/gcc/nios2-elf/4.9.1/../../../../../H-x86_64-mingw32/nios2-elf/lib\libc.a(lib_a-fclose.o)
 .comment       0x0000000000000000       0x24 c:/altera/15.0/nios2eds/bin/gnu/h-x86_64-mingw32/bin/../lib/gcc/nios2-elf/4.9.1/../../../../../H-x86_64-mingw32/nios2-elf/lib\libc.a(lib_a-fstatr.o)
 .comment       0x0000000000000000       0x24 c:/altera/15.0/nios2eds/bin/gnu/h-x86_64-mingw32/bin/../lib/gcc/nios2-elf/4.9.1/../../../../../H-x86_64-mingw32/nios2-elf/lib\libc.a(lib_a-isattyr.o)
 .comment       0x0000000000000000       0x24 c:/altera/15.0/nios2eds/bin/gnu/h-x86_64-mingw32/bin/../lib/gcc/nios2-elf/4.9.1/../../../../../H-x86_64-mingw32/nios2-elf/lib\libc.a(lib_a-lseekr.o)
 .comment       0x0000000000000000       0x24 c:/altera/15.0/nios2eds/bin/gnu/h-x86_64-mingw32/bin/../lib/gcc/nios2-elf/4.9.1/../../../../../H-x86_64-mingw32/nios2-elf/lib\libc.a(lib_a-readr.o)
 .comment       0x0000000000000000       0x24 C:/Users/Mike/Documents/UBC/CPEN391/Project/Interrupts_bsp/\libhal_bsp.a(alt_exit.o)
 .comment       0x0000000000000000       0x24 C:/Users/Mike/Documents/UBC/CPEN391/Project/Interrupts_bsp/\libhal_bsp.a(alt_fstat.o)
 .comment       0x0000000000000000       0x24 C:/Users/Mike/Documents/UBC/CPEN391/Project/Interrupts_bsp/\libhal_bsp.a(alt_isatty.o)
 .comment       0x0000000000000000       0x24 C:/Users/Mike/Documents/UBC/CPEN391/Project/Interrupts_bsp/\libhal_bsp.a(alt_lseek.o)
 .comment       0x0000000000000000       0x24 C:/Users/Mike/Documents/UBC/CPEN391/Project/Interrupts_bsp/\libhal_bsp.a(alt_malloc_lock.o)
 .comment       0x0000000000000000       0x24 C:/Users/Mike/Documents/UBC/CPEN391/Project/Interrupts_bsp/\libhal_bsp.a(alt_read.o)
 .comment       0x0000000000000000       0x24 C:/Users/Mike/Documents/UBC/CPEN391/Project/Interrupts_bsp/\libhal_bsp.a(alt_sbrk.o)
 .comment       0x0000000000000000       0x24 C:/Users/Mike/Documents/UBC/CPEN391/Project/Interrupts_bsp/\libhal_bsp.a(alt_write.o)

.debug
 *(.debug)

.line
 *(.line)

.debug_srcinfo
 *(.debug_srcinfo)

.debug_sfnames
 *(.debug_sfnames)

.debug_aranges  0x0000000000000000      0x9b0
 *(.debug_aranges)
 .debug_aranges
                0x0000000000000000       0x28 C:/Users/Mike/Documents/UBC/CPEN391/Project/Interrupts_bsp//obj/HAL/src/crt0.o
 .debug_aranges
                0x0000000000000028       0x20 obj/default/hello_world.o
 .debug_aranges
                0x0000000000000048       0x20 C:/Users/Mike/Documents/UBC/CPEN391/Project/Interrupts_bsp/\libhal_bsp.a(alt_irq_register.o)
 .debug_aranges
                0x0000000000000068       0x18 C:/Users/Mike/Documents/UBC/CPEN391/Project/Interrupts_bsp/\libhal_bsp.a(alt_irq_vars.o)
 .debug_aranges
                0x0000000000000080       0x20 C:/Users/Mike/Documents/UBC/CPEN391/Project/Interrupts_bsp/\libhal_bsp.a(alt_load.o)
 .debug_aranges
                0x00000000000000a0       0x20 C:/Users/Mike/Documents/UBC/CPEN391/Project/Interrupts_bsp/\libhal_bsp.a(alt_main.o)
 .debug_aranges
                0x00000000000000c0       0x20 C:/Users/Mike/Documents/UBC/CPEN391/Project/Interrupts_bsp/\libhal_bsp.a(alt_putstr.o)
 .debug_aranges
                0x00000000000000e0       0x20 C:/Users/Mike/Documents/UBC/CPEN391/Project/Interrupts_bsp/\libhal_bsp.a(alt_sys_init.o)
 .debug_aranges
                0x0000000000000100       0x20 C:/Users/Mike/Documents/UBC/CPEN391/Project/Interrupts_bsp/\libhal_bsp.a(altera_avalon_jtag_uart_fd.o)
 .debug_aranges
                0x0000000000000120       0x20 C:/Users/Mike/Documents/UBC/CPEN391/Project/Interrupts_bsp/\libhal_bsp.a(altera_avalon_jtag_uart_init.o)
 .debug_aranges
                0x0000000000000140       0x20 C:/Users/Mike/Documents/UBC/CPEN391/Project/Interrupts_bsp/\libhal_bsp.a(altera_avalon_jtag_uart_ioctl.o)
 .debug_aranges
                0x0000000000000160       0x20 C:/Users/Mike/Documents/UBC/CPEN391/Project/Interrupts_bsp/\libhal_bsp.a(altera_avalon_jtag_uart_read.o)
 .debug_aranges
                0x0000000000000180       0x20 C:/Users/Mike/Documents/UBC/CPEN391/Project/Interrupts_bsp/\libhal_bsp.a(altera_avalon_jtag_uart_write.o)
 .debug_aranges
                0x00000000000001a0       0x20 C:/Users/Mike/Documents/UBC/CPEN391/Project/Interrupts_bsp/\libhal_bsp.a(altera_avalon_timer_sc.o)
 .debug_aranges
                0x00000000000001c0       0x20 C:/Users/Mike/Documents/UBC/CPEN391/Project/Interrupts_bsp/\libhal_bsp.a(altera_up_avalon_character_lcd.o)
 .debug_aranges
                0x00000000000001e0       0x20 C:/Users/Mike/Documents/UBC/CPEN391/Project/Interrupts_bsp/\libhal_bsp.a(alt_alarm_start.o)
 .debug_aranges
                0x0000000000000200       0x20 C:/Users/Mike/Documents/UBC/CPEN391/Project/Interrupts_bsp/\libhal_bsp.a(alt_close.o)
 .debug_aranges
                0x0000000000000220       0x20 C:/Users/Mike/Documents/UBC/CPEN391/Project/Interrupts_bsp/\libhal_bsp.a(alt_dcache_flush_all.o)
 .debug_aranges
                0x0000000000000240       0x20 C:/Users/Mike/Documents/UBC/CPEN391/Project/Interrupts_bsp/\libhal_bsp.a(alt_dev.o)
 .debug_aranges
                0x0000000000000260       0x20 C:/Users/Mike/Documents/UBC/CPEN391/Project/Interrupts_bsp/\libhal_bsp.a(alt_dev_llist_insert.o)
 .debug_aranges
                0x0000000000000280       0x20 C:/Users/Mike/Documents/UBC/CPEN391/Project/Interrupts_bsp/\libhal_bsp.a(alt_do_ctors.o)
 .debug_aranges
                0x00000000000002a0       0x20 C:/Users/Mike/Documents/UBC/CPEN391/Project/Interrupts_bsp/\libhal_bsp.a(alt_do_dtors.o)
 .debug_aranges
                0x00000000000002c0       0x18 C:/Users/Mike/Documents/UBC/CPEN391/Project/Interrupts_bsp/\libhal_bsp.a(alt_errno.o)
 .debug_aranges
                0x00000000000002d8       0x20 C:/Users/Mike/Documents/UBC/CPEN391/Project/Interrupts_bsp/\libhal_bsp.a(alt_find_dev.o)
 .debug_aranges
                0x00000000000002f8       0x20 C:/Users/Mike/Documents/UBC/CPEN391/Project/Interrupts_bsp/\libhal_bsp.a(alt_icache_flush_all.o)
 .debug_aranges
                0x0000000000000318       0x20 C:/Users/Mike/Documents/UBC/CPEN391/Project/Interrupts_bsp/\libhal_bsp.a(alt_iic.o)
 .debug_aranges
                0x0000000000000338       0x20 C:/Users/Mike/Documents/UBC/CPEN391/Project/Interrupts_bsp/\libhal_bsp.a(alt_iic_isr_register.o)
 .debug_aranges
                0x0000000000000358       0x20 C:/Users/Mike/Documents/UBC/CPEN391/Project/Interrupts_bsp/\libhal_bsp.a(alt_io_redirect.o)
 .debug_aranges
                0x0000000000000378       0x30 C:/Users/Mike/Documents/UBC/CPEN391/Project/Interrupts_bsp/\libhal_bsp.a(alt_irq_entry.o)
 .debug_aranges
                0x00000000000003a8       0x20 C:/Users/Mike/Documents/UBC/CPEN391/Project/Interrupts_bsp/\libhal_bsp.a(alt_irq_handler.o)
 .debug_aranges
                0x00000000000003c8       0x20 C:/Users/Mike/Documents/UBC/CPEN391/Project/Interrupts_bsp/\libhal_bsp.a(alt_open.o)
 .debug_aranges
                0x00000000000003e8       0x20 C:/Users/Mike/Documents/UBC/CPEN391/Project/Interrupts_bsp/\libhal_bsp.a(alt_release_fd.o)
 .debug_aranges
                0x0000000000000408       0x20 C:/Users/Mike/Documents/UBC/CPEN391/Project/Interrupts_bsp/\libhal_bsp.a(alt_tick.o)
 .debug_aranges
                0x0000000000000428       0x20 C:/Users/Mike/Documents/UBC/CPEN391/Project/Interrupts_bsp/\libhal_bsp.a(altera_nios2_qsys_irq.o)
 .debug_aranges
                0x0000000000000448       0x38 C:/Users/Mike/Documents/UBC/CPEN391/Project/Interrupts_bsp/\libhal_bsp.a(alt_exception_entry.o)
 .debug_aranges
                0x0000000000000480       0x20 C:/Users/Mike/Documents/UBC/CPEN391/Project/Interrupts_bsp/\libhal_bsp.a(alt_find_file.o)
 .debug_aranges
                0x00000000000004a0       0x20 C:/Users/Mike/Documents/UBC/CPEN391/Project/Interrupts_bsp/\libhal_bsp.a(alt_get_fd.o)
 .debug_aranges
                0x00000000000004c0       0x20 C:/Users/Mike/Documents/UBC/CPEN391/Project/Interrupts_bsp/\libhal_bsp.a(alt_icache_flush.o)
 .debug_aranges
                0x00000000000004e0       0x20 c:/altera/15.0/nios2eds/bin/gnu/h-x86_64-mingw32/bin/../lib/gcc/nios2-elf/4.9.1/../../../../../H-x86_64-mingw32/nios2-elf/lib\libc.a(lib_a-atexit.o)
 .debug_aranges
                0x0000000000000500       0x20 c:/altera/15.0/nios2eds/bin/gnu/h-x86_64-mingw32/bin/../lib/gcc/nios2-elf/4.9.1/../../../../../H-x86_64-mingw32/nios2-elf/lib\libc.a(lib_a-exit.o)
 .debug_aranges
                0x0000000000000520       0x20 c:/altera/15.0/nios2eds/bin/gnu/h-x86_64-mingw32/bin/../lib/gcc/nios2-elf/4.9.1/../../../../../H-x86_64-mingw32/nios2-elf/lib\libc.a(lib_a-fputs.o)
 .debug_aranges
                0x0000000000000540       0x20 c:/altera/15.0/nios2eds/bin/gnu/h-x86_64-mingw32/bin/../lib/gcc/nios2-elf/4.9.1/../../../../../H-x86_64-mingw32/nios2-elf/lib\libc.a(lib_a-fvwrite.o)
 .debug_aranges
                0x0000000000000560       0x18 c:/altera/15.0/nios2eds/bin/gnu/h-x86_64-mingw32/bin/../lib/gcc/nios2-elf/4.9.1/../../../../../H-x86_64-mingw32/nios2-elf/lib\libc.a(lib_a-impure.o)
 .debug_aranges
                0x0000000000000578       0x18 c:/altera/15.0/nios2eds/bin/gnu/h-x86_64-mingw32/bin/../lib/gcc/nios2-elf/4.9.1/../../../../../H-x86_64-mingw32/nios2-elf/lib\libc.a(lib_a-int_errno.o)
 .debug_aranges
                0x0000000000000590       0x20 c:/altera/15.0/nios2eds/bin/gnu/h-x86_64-mingw32/bin/../lib/gcc/nios2-elf/4.9.1/../../../../../H-x86_64-mingw32/nios2-elf/lib\libc.a(lib_a-mallocr.o)
 .debug_aranges
                0x00000000000005b0       0x20 c:/altera/15.0/nios2eds/bin/gnu/h-x86_64-mingw32/bin/../lib/gcc/nios2-elf/4.9.1/../../../../../H-x86_64-mingw32/nios2-elf/lib\libc.a(lib_a-memchr.o)
 .debug_aranges
                0x00000000000005d0       0x20 c:/altera/15.0/nios2eds/bin/gnu/h-x86_64-mingw32/bin/../lib/gcc/nios2-elf/4.9.1/../../../../../H-x86_64-mingw32/nios2-elf/lib\libc.a(lib_a-memcmp.o)
 .debug_aranges
                0x00000000000005f0       0x20 c:/altera/15.0/nios2eds/bin/gnu/h-x86_64-mingw32/bin/../lib/gcc/nios2-elf/4.9.1/../../../../../H-x86_64-mingw32/nios2-elf/lib\libc.a(lib_a-memcpy.o)
 .debug_aranges
                0x0000000000000610       0x20 c:/altera/15.0/nios2eds/bin/gnu/h-x86_64-mingw32/bin/../lib/gcc/nios2-elf/4.9.1/../../../../../H-x86_64-mingw32/nios2-elf/lib\libc.a(lib_a-memmove.o)
 .debug_aranges
                0x0000000000000630       0x20 c:/altera/15.0/nios2eds/bin/gnu/h-x86_64-mingw32/bin/../lib/gcc/nios2-elf/4.9.1/../../../../../H-x86_64-mingw32/nios2-elf/lib\libc.a(lib_a-reallocr.o)
 .debug_aranges
                0x0000000000000650       0x20 c:/altera/15.0/nios2eds/bin/gnu/h-x86_64-mingw32/bin/../lib/gcc/nios2-elf/4.9.1/../../../../../H-x86_64-mingw32/nios2-elf/lib\libc.a(lib_a-sbrkr.o)
 .debug_aranges
                0x0000000000000670       0x20 c:/altera/15.0/nios2eds/bin/gnu/h-x86_64-mingw32/bin/../lib/gcc/nios2-elf/4.9.1/../../../../../H-x86_64-mingw32/nios2-elf/lib\libc.a(lib_a-strlen.o)
 .debug_aranges
                0x0000000000000690       0x20 c:/altera/15.0/nios2eds/bin/gnu/h-x86_64-mingw32/bin/../lib/gcc/nios2-elf/4.9.1/../../../../../H-x86_64-mingw32/nios2-elf/lib\libc.a(lib_a-wsetup.o)
 .debug_aranges
                0x00000000000006b0       0x20 c:/altera/15.0/nios2eds/bin/gnu/h-x86_64-mingw32/bin/../lib/gcc/nios2-elf/4.9.1/../../../../../H-x86_64-mingw32/nios2-elf/lib\libc.a(lib_a-__atexit.o)
 .debug_aranges
                0x00000000000006d0       0x20 c:/altera/15.0/nios2eds/bin/gnu/h-x86_64-mingw32/bin/../lib/gcc/nios2-elf/4.9.1/../../../../../H-x86_64-mingw32/nios2-elf/lib\libc.a(lib_a-__call_atexit.o)
 .debug_aranges
                0x00000000000006f0       0x20 c:/altera/15.0/nios2eds/bin/gnu/h-x86_64-mingw32/bin/../lib/gcc/nios2-elf/4.9.1/../../../../../H-x86_64-mingw32/nios2-elf/lib\libc.a(lib_a-fflush.o)
 .debug_aranges
                0x0000000000000710       0x20 c:/altera/15.0/nios2eds/bin/gnu/h-x86_64-mingw32/bin/../lib/gcc/nios2-elf/4.9.1/../../../../../H-x86_64-mingw32/nios2-elf/lib\libc.a(lib_a-findfp.o)
 .debug_aranges
                0x0000000000000730       0x20 c:/altera/15.0/nios2eds/bin/gnu/h-x86_64-mingw32/bin/../lib/gcc/nios2-elf/4.9.1/../../../../../H-x86_64-mingw32/nios2-elf/lib\libc.a(lib_a-freer.o)
 .debug_aranges
                0x0000000000000750       0x20 c:/altera/15.0/nios2eds/bin/gnu/h-x86_64-mingw32/bin/../lib/gcc/nios2-elf/4.9.1/../../../../../H-x86_64-mingw32/nios2-elf/lib\libc.a(lib_a-fwalk.o)
 .debug_aranges
                0x0000000000000770       0x20 c:/altera/15.0/nios2eds/bin/gnu/h-x86_64-mingw32/bin/../lib/gcc/nios2-elf/4.9.1/../../../../../H-x86_64-mingw32/nios2-elf/lib\libc.a(lib_a-makebuf.o)
 .debug_aranges
                0x0000000000000790       0x20 c:/altera/15.0/nios2eds/bin/gnu/h-x86_64-mingw32/bin/../lib/gcc/nios2-elf/4.9.1/../../../../../H-x86_64-mingw32/nios2-elf/lib\libc.a(lib_a-memset.o)
 .debug_aranges
                0x00000000000007b0       0x20 c:/altera/15.0/nios2eds/bin/gnu/h-x86_64-mingw32/bin/../lib/gcc/nios2-elf/4.9.1/../../../../../H-x86_64-mingw32/nios2-elf/lib\libc.a(lib_a-stdio.o)
 .debug_aranges
                0x00000000000007d0       0x20 c:/altera/15.0/nios2eds/bin/gnu/h-x86_64-mingw32/bin/../lib/gcc/nios2-elf/4.9.1/../../../../../H-x86_64-mingw32/nios2-elf/lib\libc.a(lib_a-writer.o)
 .debug_aranges
                0x00000000000007f0       0x20 c:/altera/15.0/nios2eds/bin/gnu/h-x86_64-mingw32/bin/../lib/gcc/nios2-elf/4.9.1/../../../../../H-x86_64-mingw32/nios2-elf/lib\libc.a(closer.o)
 .debug_aranges
                0x0000000000000810       0x20 c:/altera/15.0/nios2eds/bin/gnu/h-x86_64-mingw32/bin/../lib/gcc/nios2-elf/4.9.1/../../../../../H-x86_64-mingw32/nios2-elf/lib\libc.a(lib_a-fclose.o)
 .debug_aranges
                0x0000000000000830       0x20 c:/altera/15.0/nios2eds/bin/gnu/h-x86_64-mingw32/bin/../lib/gcc/nios2-elf/4.9.1/../../../../../H-x86_64-mingw32/nios2-elf/lib\libc.a(lib_a-fstatr.o)
 .debug_aranges
                0x0000000000000850       0x20 c:/altera/15.0/nios2eds/bin/gnu/h-x86_64-mingw32/bin/../lib/gcc/nios2-elf/4.9.1/../../../../../H-x86_64-mingw32/nios2-elf/lib\libc.a(lib_a-isattyr.o)
 .debug_aranges
                0x0000000000000870       0x20 c:/altera/15.0/nios2eds/bin/gnu/h-x86_64-mingw32/bin/../lib/gcc/nios2-elf/4.9.1/../../../../../H-x86_64-mingw32/nios2-elf/lib\libc.a(lib_a-lseekr.o)
 .debug_aranges
                0x0000000000000890       0x20 c:/altera/15.0/nios2eds/bin/gnu/h-x86_64-mingw32/bin/../lib/gcc/nios2-elf/4.9.1/../../../../../H-x86_64-mingw32/nios2-elf/lib\libc.a(lib_a-readr.o)
 .debug_aranges
                0x00000000000008b0       0x20 C:/Users/Mike/Documents/UBC/CPEN391/Project/Interrupts_bsp/\libhal_bsp.a(alt_exit.o)
 .debug_aranges
                0x00000000000008d0       0x20 C:/Users/Mike/Documents/UBC/CPEN391/Project/Interrupts_bsp/\libhal_bsp.a(alt_fstat.o)
 .debug_aranges
                0x00000000000008f0       0x20 C:/Users/Mike/Documents/UBC/CPEN391/Project/Interrupts_bsp/\libhal_bsp.a(alt_isatty.o)
 .debug_aranges
                0x0000000000000910       0x20 C:/Users/Mike/Documents/UBC/CPEN391/Project/Interrupts_bsp/\libhal_bsp.a(alt_lseek.o)
 .debug_aranges
                0x0000000000000930       0x20 C:/Users/Mike/Documents/UBC/CPEN391/Project/Interrupts_bsp/\libhal_bsp.a(alt_malloc_lock.o)
 .debug_aranges
                0x0000000000000950       0x20 C:/Users/Mike/Documents/UBC/CPEN391/Project/Interrupts_bsp/\libhal_bsp.a(alt_read.o)
 .debug_aranges
                0x0000000000000970       0x20 C:/Users/Mike/Documents/UBC/CPEN391/Project/Interrupts_bsp/\libhal_bsp.a(alt_sbrk.o)
 .debug_aranges
                0x0000000000000990       0x20 C:/Users/Mike/Documents/UBC/CPEN391/Project/Interrupts_bsp/\libhal_bsp.a(alt_write.o)

.debug_pubnames
 *(.debug_pubnames)

.debug_info     0x0000000000000000    0x172ab
 *(.debug_info .gnu.linkonce.wi.*)
 .debug_info    0x0000000000000000       0x6f C:/Users/Mike/Documents/UBC/CPEN391/Project/Interrupts_bsp//obj/HAL/src/crt0.o
 .debug_info    0x000000000000006f       0xe6 obj/default/hello_world.o
 .debug_info    0x0000000000000155      0x31d C:/Users/Mike/Documents/UBC/CPEN391/Project/Interrupts_bsp/\libhal_bsp.a(alt_irq_register.o)
 .debug_info    0x0000000000000472       0x88 C:/Users/Mike/Documents/UBC/CPEN391/Project/Interrupts_bsp/\libhal_bsp.a(alt_irq_vars.o)
 .debug_info    0x00000000000004fa      0x13e C:/Users/Mike/Documents/UBC/CPEN391/Project/Interrupts_bsp/\libhal_bsp.a(alt_load.o)
 .debug_info    0x0000000000000638      0x12a C:/Users/Mike/Documents/UBC/CPEN391/Project/Interrupts_bsp/\libhal_bsp.a(alt_main.o)
 .debug_info    0x0000000000000762      0x891 C:/Users/Mike/Documents/UBC/CPEN391/Project/Interrupts_bsp/\libhal_bsp.a(alt_putstr.o)
 .debug_info    0x0000000000000ff3      0x513 C:/Users/Mike/Documents/UBC/CPEN391/Project/Interrupts_bsp/\libhal_bsp.a(alt_sys_init.o)
 .debug_info    0x0000000000001506      0x527 C:/Users/Mike/Documents/UBC/CPEN391/Project/Interrupts_bsp/\libhal_bsp.a(altera_avalon_jtag_uart_fd.o)
 .debug_info    0x0000000000001a2d      0x3a1 C:/Users/Mike/Documents/UBC/CPEN391/Project/Interrupts_bsp/\libhal_bsp.a(altera_avalon_jtag_uart_init.o)
 .debug_info    0x0000000000001dce      0x279 C:/Users/Mike/Documents/UBC/CPEN391/Project/Interrupts_bsp/\libhal_bsp.a(altera_avalon_jtag_uart_ioctl.o)
 .debug_info    0x0000000000002047      0x342 C:/Users/Mike/Documents/UBC/CPEN391/Project/Interrupts_bsp/\libhal_bsp.a(altera_avalon_jtag_uart_read.o)
 .debug_info    0x0000000000002389      0x339 C:/Users/Mike/Documents/UBC/CPEN391/Project/Interrupts_bsp/\libhal_bsp.a(altera_avalon_jtag_uart_write.o)
 .debug_info    0x00000000000026c2      0x21f C:/Users/Mike/Documents/UBC/CPEN391/Project/Interrupts_bsp/\libhal_bsp.a(altera_avalon_timer_sc.o)
 .debug_info    0x00000000000028e1      0x5fa C:/Users/Mike/Documents/UBC/CPEN391/Project/Interrupts_bsp/\libhal_bsp.a(altera_up_avalon_character_lcd.o)
 .debug_info    0x0000000000002edb      0x2c5 C:/Users/Mike/Documents/UBC/CPEN391/Project/Interrupts_bsp/\libhal_bsp.a(alt_alarm_start.o)
 .debug_info    0x00000000000031a0      0x31a C:/Users/Mike/Documents/UBC/CPEN391/Project/Interrupts_bsp/\libhal_bsp.a(alt_close.o)
 .debug_info    0x00000000000034ba       0x8b C:/Users/Mike/Documents/UBC/CPEN391/Project/Interrupts_bsp/\libhal_bsp.a(alt_dcache_flush_all.o)
 .debug_info    0x0000000000003545      0x495 C:/Users/Mike/Documents/UBC/CPEN391/Project/Interrupts_bsp/\libhal_bsp.a(alt_dev.o)
 .debug_info    0x00000000000039da      0x1a2 C:/Users/Mike/Documents/UBC/CPEN391/Project/Interrupts_bsp/\libhal_bsp.a(alt_dev_llist_insert.o)
 .debug_info    0x0000000000003b7c       0x83 C:/Users/Mike/Documents/UBC/CPEN391/Project/Interrupts_bsp/\libhal_bsp.a(alt_do_ctors.o)
 .debug_info    0x0000000000003bff       0x83 C:/Users/Mike/Documents/UBC/CPEN391/Project/Interrupts_bsp/\libhal_bsp.a(alt_do_dtors.o)
 .debug_info    0x0000000000003c82       0x9f C:/Users/Mike/Documents/UBC/CPEN391/Project/Interrupts_bsp/\libhal_bsp.a(alt_errno.o)
 .debug_info    0x0000000000003d21      0x2e2 C:/Users/Mike/Documents/UBC/CPEN391/Project/Interrupts_bsp/\libhal_bsp.a(alt_find_dev.o)
 .debug_info    0x0000000000004003       0x8b C:/Users/Mike/Documents/UBC/CPEN391/Project/Interrupts_bsp/\libhal_bsp.a(alt_icache_flush_all.o)
 .debug_info    0x000000000000408e      0x349 C:/Users/Mike/Documents/UBC/CPEN391/Project/Interrupts_bsp/\libhal_bsp.a(alt_iic.o)
 .debug_info    0x00000000000043d7      0x1e8 C:/Users/Mike/Documents/UBC/CPEN391/Project/Interrupts_bsp/\libhal_bsp.a(alt_iic_isr_register.o)
 .debug_info    0x00000000000045bf      0x49e C:/Users/Mike/Documents/UBC/CPEN391/Project/Interrupts_bsp/\libhal_bsp.a(alt_io_redirect.o)
 .debug_info    0x0000000000004a5d       0x78 C:/Users/Mike/Documents/UBC/CPEN391/Project/Interrupts_bsp/\libhal_bsp.a(alt_irq_entry.o)
 .debug_info    0x0000000000004ad5      0x180 C:/Users/Mike/Documents/UBC/CPEN391/Project/Interrupts_bsp/\libhal_bsp.a(alt_irq_handler.o)
 .debug_info    0x0000000000004c55      0x3b4 C:/Users/Mike/Documents/UBC/CPEN391/Project/Interrupts_bsp/\libhal_bsp.a(alt_open.o)
 .debug_info    0x0000000000005009      0x2b0 C:/Users/Mike/Documents/UBC/CPEN391/Project/Interrupts_bsp/\libhal_bsp.a(alt_release_fd.o)
 .debug_info    0x00000000000052b9      0x292 C:/Users/Mike/Documents/UBC/CPEN391/Project/Interrupts_bsp/\libhal_bsp.a(alt_tick.o)
 .debug_info    0x000000000000554b       0x8b C:/Users/Mike/Documents/UBC/CPEN391/Project/Interrupts_bsp/\libhal_bsp.a(altera_nios2_qsys_irq.o)
 .debug_info    0x00000000000055d6       0x7e C:/Users/Mike/Documents/UBC/CPEN391/Project/Interrupts_bsp/\libhal_bsp.a(alt_exception_entry.o)
 .debug_info    0x0000000000005654      0x2df C:/Users/Mike/Documents/UBC/CPEN391/Project/Interrupts_bsp/\libhal_bsp.a(alt_find_file.o)
 .debug_info    0x0000000000005933      0x309 C:/Users/Mike/Documents/UBC/CPEN391/Project/Interrupts_bsp/\libhal_bsp.a(alt_get_fd.o)
 .debug_info    0x0000000000005c3c       0xd5 C:/Users/Mike/Documents/UBC/CPEN391/Project/Interrupts_bsp/\libhal_bsp.a(alt_icache_flush.o)
 .debug_info    0x0000000000005d11      0x10a c:/altera/15.0/nios2eds/bin/gnu/h-x86_64-mingw32/bin/../lib/gcc/nios2-elf/4.9.1/../../../../../H-x86_64-mingw32/nios2-elf/lib\libc.a(lib_a-atexit.o)
 .debug_info    0x0000000000005e1b      0x8df c:/altera/15.0/nios2eds/bin/gnu/h-x86_64-mingw32/bin/../lib/gcc/nios2-elf/4.9.1/../../../../../H-x86_64-mingw32/nios2-elf/lib\libc.a(lib_a-exit.o)
 .debug_info    0x00000000000066fa      0xa31 c:/altera/15.0/nios2eds/bin/gnu/h-x86_64-mingw32/bin/../lib/gcc/nios2-elf/4.9.1/../../../../../H-x86_64-mingw32/nios2-elf/lib\libc.a(lib_a-fputs.o)
 .debug_info    0x000000000000712b      0xc31 c:/altera/15.0/nios2eds/bin/gnu/h-x86_64-mingw32/bin/../lib/gcc/nios2-elf/4.9.1/../../../../../H-x86_64-mingw32/nios2-elf/lib\libc.a(lib_a-fvwrite.o)
 .debug_info    0x0000000000007d5c      0x88f c:/altera/15.0/nios2eds/bin/gnu/h-x86_64-mingw32/bin/../lib/gcc/nios2-elf/4.9.1/../../../../../H-x86_64-mingw32/nios2-elf/lib\libc.a(lib_a-impure.o)
 .debug_info    0x00000000000085eb       0x83 c:/altera/15.0/nios2eds/bin/gnu/h-x86_64-mingw32/bin/../lib/gcc/nios2-elf/4.9.1/../../../../../H-x86_64-mingw32/nios2-elf/lib\libc.a(lib_a-int_errno.o)
 .debug_info    0x000000000000866e      0xd71 c:/altera/15.0/nios2eds/bin/gnu/h-x86_64-mingw32/bin/../lib/gcc/nios2-elf/4.9.1/../../../../../H-x86_64-mingw32/nios2-elf/lib\libc.a(lib_a-mallocr.o)
 .debug_info    0x00000000000093df      0x12b c:/altera/15.0/nios2eds/bin/gnu/h-x86_64-mingw32/bin/../lib/gcc/nios2-elf/4.9.1/../../../../../H-x86_64-mingw32/nios2-elf/lib\libc.a(lib_a-memchr.o)
 .debug_info    0x000000000000950a      0x113 c:/altera/15.0/nios2eds/bin/gnu/h-x86_64-mingw32/bin/../lib/gcc/nios2-elf/4.9.1/../../../../../H-x86_64-mingw32/nios2-elf/lib\libc.a(lib_a-memcmp.o)
 .debug_info    0x000000000000961d      0x133 c:/altera/15.0/nios2eds/bin/gnu/h-x86_64-mingw32/bin/../lib/gcc/nios2-elf/4.9.1/../../../../../H-x86_64-mingw32/nios2-elf/lib\libc.a(lib_a-memcpy.o)
 .debug_info    0x0000000000009750      0x133 c:/altera/15.0/nios2eds/bin/gnu/h-x86_64-mingw32/bin/../lib/gcc/nios2-elf/4.9.1/../../../../../H-x86_64-mingw32/nios2-elf/lib\libc.a(lib_a-memmove.o)
 .debug_info    0x0000000000009883      0xcc6 c:/altera/15.0/nios2eds/bin/gnu/h-x86_64-mingw32/bin/../lib/gcc/nios2-elf/4.9.1/../../../../../H-x86_64-mingw32/nios2-elf/lib\libc.a(lib_a-reallocr.o)
 .debug_info    0x000000000000a549      0x8ef c:/altera/15.0/nios2eds/bin/gnu/h-x86_64-mingw32/bin/../lib/gcc/nios2-elf/4.9.1/../../../../../H-x86_64-mingw32/nios2-elf/lib\libc.a(lib_a-sbrkr.o)
 .debug_info    0x000000000000ae38       0xdb c:/altera/15.0/nios2eds/bin/gnu/h-x86_64-mingw32/bin/../lib/gcc/nios2-elf/4.9.1/../../../../../H-x86_64-mingw32/nios2-elf/lib\libc.a(lib_a-strlen.o)
 .debug_info    0x000000000000af13      0x91d c:/altera/15.0/nios2eds/bin/gnu/h-x86_64-mingw32/bin/../lib/gcc/nios2-elf/4.9.1/../../../../../H-x86_64-mingw32/nios2-elf/lib\libc.a(lib_a-wsetup.o)
 .debug_info    0x000000000000b830      0x93b c:/altera/15.0/nios2eds/bin/gnu/h-x86_64-mingw32/bin/../lib/gcc/nios2-elf/4.9.1/../../../../../H-x86_64-mingw32/nios2-elf/lib\libc.a(lib_a-__atexit.o)
 .debug_info    0x000000000000c16b      0x948 c:/altera/15.0/nios2eds/bin/gnu/h-x86_64-mingw32/bin/../lib/gcc/nios2-elf/4.9.1/../../../../../H-x86_64-mingw32/nios2-elf/lib\libc.a(lib_a-__call_atexit.o)
 .debug_info    0x000000000000cab3      0xa3a c:/altera/15.0/nios2eds/bin/gnu/h-x86_64-mingw32/bin/../lib/gcc/nios2-elf/4.9.1/../../../../../H-x86_64-mingw32/nios2-elf/lib\libc.a(lib_a-fflush.o)
 .debug_info    0x000000000000d4ed      0xd38 c:/altera/15.0/nios2eds/bin/gnu/h-x86_64-mingw32/bin/../lib/gcc/nios2-elf/4.9.1/../../../../../H-x86_64-mingw32/nios2-elf/lib\libc.a(lib_a-findfp.o)
 .debug_info    0x000000000000e225      0xc02 c:/altera/15.0/nios2eds/bin/gnu/h-x86_64-mingw32/bin/../lib/gcc/nios2-elf/4.9.1/../../../../../H-x86_64-mingw32/nios2-elf/lib\libc.a(lib_a-freer.o)
 .debug_info    0x000000000000ee27      0xab7 c:/altera/15.0/nios2eds/bin/gnu/h-x86_64-mingw32/bin/../lib/gcc/nios2-elf/4.9.1/../../../../../H-x86_64-mingw32/nios2-elf/lib\libc.a(lib_a-fwalk.o)
 .debug_info    0x000000000000f8de      0xaff c:/altera/15.0/nios2eds/bin/gnu/h-x86_64-mingw32/bin/../lib/gcc/nios2-elf/4.9.1/../../../../../H-x86_64-mingw32/nios2-elf/lib\libc.a(lib_a-makebuf.o)